Archive member included to satisfy reference by file (symbol)

C:/ST/STM32CubeIDE_1.2.0/STM32CubeIDE/plugins/com.st.stm32cube.ide.mcu.externaltools.gnu-tools-for-stm32.12.3.rel1.win32_1.0.100.202403111256/tools/bin/../lib/gcc/arm-none-eabi/12.3.1/../../../../arm-none-eabi/lib/thumb/v7e-m+fp/hard\libc_nano.a(libc_a-exit.o)
                              C:/ST/STM32CubeIDE_1.2.0/STM32CubeIDE/plugins/com.st.stm32cube.ide.mcu.externaltools.gnu-tools-for-stm32.12.3.rel1.win32_1.0.100.202403111256/tools/bin/../lib/gcc/arm-none-eabi/12.3.1/../../../../arm-none-eabi/lib/thumb/v7e-m+fp/hard/crt0.o (exit)
C:/ST/STM32CubeIDE_1.2.0/STM32CubeIDE/plugins/com.st.stm32cube.ide.mcu.externaltools.gnu-tools-for-stm32.12.3.rel1.win32_1.0.100.202403111256/tools/bin/../lib/gcc/arm-none-eabi/12.3.1/../../../../arm-none-eabi/lib/thumb/v7e-m+fp/hard\libc_nano.a(libc_a-findfp.o)
                              C:/ST/STM32CubeIDE_1.2.0/STM32CubeIDE/plugins/com.st.stm32cube.ide.mcu.externaltools.gnu-tools-for-stm32.12.3.rel1.win32_1.0.100.202403111256/tools/bin/../lib/gcc/arm-none-eabi/12.3.1/../../../../arm-none-eabi/lib/thumb/v7e-m+fp/hard\libc_nano.a(libc_a-exit.o) (__stdio_exit_handler)
C:/ST/STM32CubeIDE_1.2.0/STM32CubeIDE/plugins/com.st.stm32cube.ide.mcu.externaltools.gnu-tools-for-stm32.12.3.rel1.win32_1.0.100.202403111256/tools/bin/../lib/gcc/arm-none-eabi/12.3.1/../../../../arm-none-eabi/lib/thumb/v7e-m+fp/hard\libc_nano.a(libc_a-fwalk.o)
                              C:/ST/STM32CubeIDE_1.2.0/STM32CubeIDE/plugins/com.st.stm32cube.ide.mcu.externaltools.gnu-tools-for-stm32.12.3.rel1.win32_1.0.100.202403111256/tools/bin/../lib/gcc/arm-none-eabi/12.3.1/../../../../arm-none-eabi/lib/thumb/v7e-m+fp/hard\libc_nano.a(libc_a-findfp.o) (_fwalk_sglue)
C:/ST/STM32CubeIDE_1.2.0/STM32CubeIDE/plugins/com.st.stm32cube.ide.mcu.externaltools.gnu-tools-for-stm32.12.3.rel1.win32_1.0.100.202403111256/tools/bin/../lib/gcc/arm-none-eabi/12.3.1/../../../../arm-none-eabi/lib/thumb/v7e-m+fp/hard\libc_nano.a(libc_a-stdio.o)
                              C:/ST/STM32CubeIDE_1.2.0/STM32CubeIDE/plugins/com.st.stm32cube.ide.mcu.externaltools.gnu-tools-for-stm32.12.3.rel1.win32_1.0.100.202403111256/tools/bin/../lib/gcc/arm-none-eabi/12.3.1/../../../../arm-none-eabi/lib/thumb/v7e-m+fp/hard\libc_nano.a(libc_a-findfp.o) (__sread)
C:/ST/STM32CubeIDE_1.2.0/STM32CubeIDE/plugins/com.st.stm32cube.ide.mcu.externaltools.gnu-tools-for-stm32.12.3.rel1.win32_1.0.100.202403111256/tools/bin/../lib/gcc/arm-none-eabi/12.3.1/../../../../arm-none-eabi/lib/thumb/v7e-m+fp/hard\libc_nano.a(libc_a-memset.o)
                              C:/ST/STM32CubeIDE_1.2.0/STM32CubeIDE/plugins/com.st.stm32cube.ide.mcu.externaltools.gnu-tools-for-stm32.12.3.rel1.win32_1.0.100.202403111256/tools/bin/../lib/gcc/arm-none-eabi/12.3.1/../../../../arm-none-eabi/lib/thumb/v7e-m+fp/hard/crt0.o (memset)
C:/ST/STM32CubeIDE_1.2.0/STM32CubeIDE/plugins/com.st.stm32cube.ide.mcu.externaltools.gnu-tools-for-stm32.12.3.rel1.win32_1.0.100.202403111256/tools/bin/../lib/gcc/arm-none-eabi/12.3.1/../../../../arm-none-eabi/lib/thumb/v7e-m+fp/hard\libc_nano.a(libc_a-closer.o)
                              C:/ST/STM32CubeIDE_1.2.0/STM32CubeIDE/plugins/com.st.stm32cube.ide.mcu.externaltools.gnu-tools-for-stm32.12.3.rel1.win32_1.0.100.202403111256/tools/bin/../lib/gcc/arm-none-eabi/12.3.1/../../../../arm-none-eabi/lib/thumb/v7e-m+fp/hard\libc_nano.a(libc_a-stdio.o) (_close_r)
C:/ST/STM32CubeIDE_1.2.0/STM32CubeIDE/plugins/com.st.stm32cube.ide.mcu.externaltools.gnu-tools-for-stm32.12.3.rel1.win32_1.0.100.202403111256/tools/bin/../lib/gcc/arm-none-eabi/12.3.1/../../../../arm-none-eabi/lib/thumb/v7e-m+fp/hard\libc_nano.a(libc_a-reent.o)
                              C:/ST/STM32CubeIDE_1.2.0/STM32CubeIDE/plugins/com.st.stm32cube.ide.mcu.externaltools.gnu-tools-for-stm32.12.3.rel1.win32_1.0.100.202403111256/tools/bin/../lib/gcc/arm-none-eabi/12.3.1/../../../../arm-none-eabi/lib/thumb/v7e-m+fp/hard\libc_nano.a(libc_a-closer.o) (errno)
C:/ST/STM32CubeIDE_1.2.0/STM32CubeIDE/plugins/com.st.stm32cube.ide.mcu.externaltools.gnu-tools-for-stm32.12.3.rel1.win32_1.0.100.202403111256/tools/bin/../lib/gcc/arm-none-eabi/12.3.1/../../../../arm-none-eabi/lib/thumb/v7e-m+fp/hard\libc_nano.a(libc_a-impure.o)
                              C:/ST/STM32CubeIDE_1.2.0/STM32CubeIDE/plugins/com.st.stm32cube.ide.mcu.externaltools.gnu-tools-for-stm32.12.3.rel1.win32_1.0.100.202403111256/tools/bin/../lib/gcc/arm-none-eabi/12.3.1/../../../../arm-none-eabi/lib/thumb/v7e-m+fp/hard\libc_nano.a(libc_a-reent.o) (_impure_ptr)
C:/ST/STM32CubeIDE_1.2.0/STM32CubeIDE/plugins/com.st.stm32cube.ide.mcu.externaltools.gnu-tools-for-stm32.12.3.rel1.win32_1.0.100.202403111256/tools/bin/../lib/gcc/arm-none-eabi/12.3.1/../../../../arm-none-eabi/lib/thumb/v7e-m+fp/hard\libc_nano.a(libc_a-lseekr.o)
[...]
Memory Configuration

Name             Origin             Length             Attributes
CCMRAM           0x10000000         0x00004000         xrw
RAM              0x20000000         0x00010000         xrw
FLASH            0x08000000         0x00080000         xr
*default*        0x00000000         0xffffffff

Linker script and memory map

LOAD C:/ST/STM32CubeIDE_1.2.0/STM32CubeIDE/plugins/com.st.stm32cube.ide.mcu.externaltools.gnu-tools-for-stm32.12.3.rel1.win32_1.0.100.202403111256/tools/bin/../lib/gcc/arm-none-eabi/12.3.1/thumb/v7e-m+fp/hard/crti.o
LOAD C:/ST/STM32CubeIDE_1.2.0/STM32CubeIDE/plugins/com.st.stm32cube.ide.mcu.externaltools.gnu-tools-for-stm32.12.3.rel1.win32_1.0.100.202403111256/tools/bin/../lib/gcc/arm-none-eabi/12.3.1/thumb/v7e-m+fp/hard/crtbegin.o
LOAD C:/ST/STM32CubeIDE_1.2.0/STM32CubeIDE/plugins/com.st.stm32cube.ide.mcu.externaltools.gnu-tools-for-stm32.12.3.rel1.win32_1.0.100.202403111256/tools/bin/../lib/gcc/arm-none-eabi/12.3.1/../../../../arm-none-eabi/lib/thumb/v7e-m+fp/hard/crt0.o
LOAD ./Core/Src/IRSensor.o
LOAD ./Core/Src/LDR.o
LOAD ./Core/Src/Ultrasonic.o
LOAD ./Core/Src/adc.o
LOAD ./Core/Src/freertos.o
LOAD ./Core/Src/gpio.o
LOAD ./Core/Src/main.o
LOAD ./Core/Src/motor.o
LOAD ./Core/Src/stm32f3xx_hal_msp.o
LOAD ./Core/Src/stm32f3xx_hal_timebase_tim.o
LOAD ./Core/Src/stm32f3xx_it.o
LOAD ./Core/Src/syscalls.o
LOAD ./Core/Src/sysmem.o
LOAD ./Core/Src/system_stm32f3xx.o
LOAD ./Core/Src/tim.o
LOAD ./Core/Src/usart.o
LOAD ./Core/Startup/startup_stm32f303retx.o
LOAD ./Drivers/STM32F3xx_HAL_Driver/Src/stm32f3xx_hal.o
LOAD ./Drivers/STM32F3xx_HAL_Driver/Src/stm32f3xx_hal_adc.o
LOAD ./Drivers/STM32F3xx_HAL_Driver/Src/stm32f3xx_hal_adc_ex.o
LOAD ./Drivers/STM32F3xx_HAL_Driver/Src/stm32f3xx_hal_cortex.o
LOAD ./Drivers/STM32F3xx_HAL_Driver/Src/stm32f3xx_hal_dma.o
LOAD ./Drivers/STM32F3xx_HAL_Driver/Src/stm32f3xx_hal_exti.o
LOAD ./Drivers/STM32F3xx_HAL_Driver/Src/stm32f3xx_hal_flash.o
LOAD ./Drivers/STM32F3xx_HAL_Driver/Src/stm32f3xx_hal_flash_ex.o
LOAD ./Drivers/STM32F3xx_HAL_Driver/Src/stm32f3xx_hal_gpio.o
LOAD ./Drivers/STM32F3xx_HAL_Driver/Src/stm32f3xx_hal_i2c.o
LOAD ./Drivers/STM32F3xx_HAL_Driver/Src/stm32f3xx_hal_i2c_ex.o
LOAD ./Drivers/STM32F3xx_HAL_Driver/Src/stm32f3xx_hal_pwr.o
LOAD ./Drivers/STM32F3xx_HAL_Driver/Src/stm32f3xx_hal_pwr_ex.o
LOAD ./Drivers/STM32F3xx_HAL_Driver/Src/stm32f3xx_hal_rcc.o
LOAD ./Drivers/STM32F3xx_HAL_Driver/Src/stm32f3xx_hal_rcc_ex.o
LOAD ./Drivers/STM32F3xx_HAL_Driver/Src/stm32f3xx_hal_tim.o
LOAD ./Drivers/STM32F3xx_HAL_Driver/Src/stm32f3xx_hal_tim_ex.o
LOAD ./Drivers/STM32F3xx_HAL_Driver/Src/stm32f3xx_hal_uart.o
LOAD ./Drivers/STM32F3xx_HAL_Driver/Src/stm32f3xx_hal_uart_ex.o
LOAD ./Middlewares/Third_Party/FreeRTOS/Source/CMSIS_RTOS_V2/cmsis_os2.o
LOAD ./Middlewares/Third_Party/FreeRTOS/Source/croutine.o
LOAD ./Middlewares/Third_Party/FreeRTOS/Source/event_groups.o
LOAD ./Middlewares/Third_Party/FreeRTOS/Source/list.o
LOAD ./Middlewares/Third_Party/FreeRTOS/Source/queue.o
LOAD ./Middlewares/Third_Party/FreeRTOS/Source/stream_buffer.o
LOAD ./Middlewares/Third_Party/FreeRTOS/Source/tasks.o
LOAD ./Middlewares/Third_Party/FreeRTOS/Source/timers.o
LOAD ./Middlewares/Third_Party/FreeRTOS/Source/portable/GCC/ARM_CM4F/port.o
LOAD ./Middlewares/Third_Party/FreeRTOS/Source/portable/MemMang/heap_4.o
START GROUP
LOAD C:/ST/STM32CubeIDE_1.2.0/STM32CubeIDE/plugins/com.st.stm32cube.ide.mcu.externaltools.gnu-tools-for-stm32.12.3.rel1.win32_1.0.100.202403111256/tools/bin/../lib/gcc/arm-none-eabi/12.3.1/../../../../arm-none-eabi/lib/thumb/v7e-m+fp/hard\libc_nano.a
LOAD C:/ST/STM32CubeIDE_1.2.0/STM32CubeIDE/plugins/com.st.stm32cube.ide.mcu.externaltools.gnu-tools-for-stm32.12.3.rel1.win32_1.0.100.202403111256/tools/bin/../lib/gcc/arm-none-eabi/12.3.1/../../../../arm-none-eabi/lib/thumb/v7e-m+fp/hard\libm.a
END GROUP
START GROUP
LOAD C:/ST/STM32CubeIDE_1.2.0/STM32CubeIDE/plugins/com.st.stm32cube.ide.mcu.externaltools.gnu-tools-for-stm32.12.3.rel1.win32_1.0.100.202403111256/tools/bin/../lib/gcc/arm-none-eabi/12.3.1/thumb/v7e-m+fp/hard\libgcc.a
LOAD C:/ST/STM32CubeIDE_1.2.0/STM32CubeIDE/plugins/com.st.stm32cube.ide.mcu.externaltools.gnu-tools-for-stm32.12.3.rel1.win32_1.0.100.202403111256/tools/bin/../lib/gcc/arm-none-eabi/12.3.1/../../../../arm-none-eabi/lib/thumb/v7e-m+fp/hard\libc_nano.a
END GROUP
START GROUP
LOAD C:/ST/STM32CubeIDE_1.2.0/STM32CubeIDE/plugins/com.st.stm32cube.ide.mcu.externaltools.gnu-tools-for-stm32.12.3.rel1.win32_1.0.100.202403111256/tools/bin/../lib/gcc/arm-none-eabi/12.3.1/thumb/v7e-m+fp/hard\libgcc.a
LOAD C:/ST/STM32CubeIDE_1.2.0/STM32CubeIDE/plugins/com.st.stm32cube.ide.mcu.externaltools.gnu-tools-for-stm32.12.3.rel1.win32_1.0.100.202403111256/tools/bin/../lib/gcc/arm-none-eabi/12.3.1/../../../../arm-none-eabi/lib/thumb/v7e-m+fp/hard\libc_nano.a
LOAD C:/ST/STM32CubeIDE_1.2.0/STM32CubeIDE/plugins/com.st.stm32cube.ide.mcu.externaltools.gnu-tools-for-stm32.12.3.rel1.win32_1.0.100.202403111256/tools/bin/../lib/gcc/arm-none-eabi/12.3.1/../../../../arm-none-eabi/lib/thumb/v7e-m+fp/hard\libnosys.a
END GROUP
START GROUP
LOAD C:/ST/STM32CubeIDE_1.2.0/STM32CubeIDE/plugins/com.st.stm32cube.ide.mcu.externaltools.gnu-tools-for-stm32.12.3.rel1.win32_1.0.100.202403111256/tools/bin/../lib/gcc/arm-none-eabi/12.3.1/thumb/v7e-m+fp/hard\libgcc.a
LOAD C:/ST/STM32CubeIDE_1.2.0/STM32CubeIDE/plugins/com.st.stm32cube.ide.mcu.externaltools.gnu-tools-for-stm32.12.3.rel1.win32_1.0.100.202403111256/tools/bin/../lib/gcc/arm-none-eabi/12.3.1/../../../../arm-none-eabi/lib/thumb/v7e-m+fp/hard\libc_nano.a
LOAD C:/ST/STM32CubeIDE_1.2.0/STM32CubeIDE/plugins/com.st.stm32cube.ide.mcu.externaltools.gnu-tools-for-stm32.12.3.rel1.win32_1.0.100.202403111256/tools/bin/../lib/gcc/arm-none-eabi/12.3.1/../../../../arm-none-eabi/lib/thumb/v7e-m+fp/hard\libnosys.a
END GROUP
LOAD C:/ST/STM32CubeIDE_1.2.0/STM32CubeIDE/plugins/com.st.stm32cube.ide.mcu.externaltools.gnu-tools-for-stm32.12.3.rel1.win32_1.0.100.202403111256/tools/bin/../lib/gcc/arm-none-eabi/12.3.1/thumb/v7e-m+fp/hard/crtend.o
LOAD C:/ST/STM32CubeIDE_1.2.0/STM32CubeIDE/plugins/com.st.stm32cube.ide.mcu.externaltools.gnu-tools-for-stm32.12.3.rel1.win32_1.0.100.202403111256/tools/bin/../lib/gcc/arm-none-eabi/12.3.1/thumb/v7e-m+fp/hard/crtn.o
                0x20010000                        _estack = (ORIGIN (RAM) + LENGTH (RAM))
                0x00000200                        _Min_Heap_Size = 0x200
                0x00000400                        _Min_Stack_Size = 0x400

.isr_vector     0x08000000      0x194
                0x08000000                        . = ALIGN (0x4)
 *(.isr_vector)
 .isr_vector    0x08000000      0x194 ./Core/Startup/startup_stm32f303retx.o
                0x08000000                g_pfnVectors
                0x08000194                        . = ALIGN (0x4)

.text           0x080001a0     0xa518
                0x080001a0                        . = ALIGN (0x4)
 *(.text)
 .text          0x080001a0       0x40 C:/ST/STM32CubeIDE_1.2.0/STM32CubeIDE/plugins/com.st.stm32cube.ide.mcu.externaltools.gnu-tools-for-stm32.12.3.rel1.win32_1.0.100.202403111256/tools/bin/../lib/gcc/arm-none-eabi/12.3.1/thumb/v7e-m+fp/hard/crtbegin.o
 .text          0x080001e0      0x378 C:/ST/STM32CubeIDE_1.2.0/STM32CubeIDE/plugins/com.st.stm32cube.ide.mcu.externaltools.gnu-tools-for-stm32.12.3.rel1.win32_1.0.100.202403111256/tools/bin/../lib/gcc/arm-none-eabi/12.3.1/thumb/v7e-m+fp/hard\libgcc.a(_arm_addsubdf3.o)
                0x080001e0                __aeabi_drsub
                0x080001e8                __aeabi_dsub
                0x080001e8                __subdf3
                0x080001ec                __aeabi_dadd
                0x080001ec                __adddf3
                0x08000464                __floatunsidf
                0x08000464                __aeabi_ui2d
                0x08000484                __floatsidf
                0x08000484                __aeabi_i2d
                0x080004a8                __aeabi_f2d
                0x080004a8                __extendsfdf2
                0x080004ec                __floatundidf
                0x080004ec                __aeabi_ul2d
                0x080004fc                __floatdidf
                0x080004fc                __aeabi_l2d
 .text          0x08000558      0x424 C:/ST/STM32CubeIDE_1.2.0/STM32CubeIDE/plugins/com.st.stm32cube.ide.mcu.externaltools.gnu-tools-for-stm32.12.3.rel1.win32_1.0.100.202403111256/tools/bin/../lib/gcc/arm-none-eabi/12.3.1/thumb/v7e-m+fp/hard\libgcc.a(_arm_muldivdf3.o)
                0x08000558                __aeabi_dmul
                0x08000558                __muldf3
                0x080007ac                __divdf3
                0x080007ac                __aeabi_ddiv
 .text          0x0800097c       0x40 C:/ST/STM32CubeIDE_1.2.0/STM32CubeIDE/plugins/com.st.stm32cube.ide.mcu.externaltools.gnu-tools-for-stm32.12.3.rel1.win32_1.0.100.202403111256/tools/bin/../lib/gcc/arm-none-eabi/12.3.1/thumb/v7e-m+fp/hard\libgcc.a(_arm_fixunsdfsi.o)
                0x0800097c                __aeabi_d2uiz
                0x0800097c                __fixunsdfsi
 *(.text*)
 .text.IRSensor_Read
                0x080009bc       0x48 ./Core/Src/IRSensor.o
                0x080009bc                IRSensor_Read
 .text.LDR_u8GetValue
                0x08000a04       0x6c ./Core/Src/LDR.o
                0x08000a04                LDR_u8GetValue
 .text.delay    0x08000a70       0x34 ./Core/Src/Ultrasonic.o
                0x08000a70                delay
 *fill*         0x08000aa4        0x4 
 .text.HAL_TIM_IC_CaptureCallback
                0x08000aa8      0x140 ./Core/Src/Ultrasonic.o
                0x08000aa8                HAL_TIM_IC_CaptureCallback
 .text.HCSR04_Init
                0x08000be8       0x14 ./Core/Src/Ultrasonic.o
                0x08000be8                HCSR04_Init
 .text.HCSR04_Read1
                0x08000bfc       0x40 ./Core/Src/Ultrasonic.o
                0x08000bfc                HCSR04_Read1
 .text.Get_Distance
                0x08000c3c       0x1c ./Core/Src/Ultrasonic.o
                0x08000c3c                Get_Distance
 .text.MX_ADC1_Init
                0x08000c58       0xe0 ./Core/Src/adc.o
                0x08000c58                MX_ADC1_Init
 .text.HAL_ADC_MspInit
                0x08000d38       0x78 ./Core/Src/adc.o
                0x08000d38                HAL_ADC_MspInit
 .text.MX_FREERTOS_Init
                0x08000db0       0xac ./Core/Src/freertos.o
                0x08000db0                MX_FREERTOS_Init
 .text.LKS_TASK
                0x08000e5c      0x208 ./Core/Src/freertos.o
                0x08000e5c                LKS_TASK
 .text.ACC_TASK
                0x08001064      0x150 ./Core/Src/freertos.o
                0x08001064                ACC_TASK
 .text.AB_TASK  0x080011b4       0x6c ./Core/Src/freertos.o
                0x080011b4                AB_TASK
 .text.BLUETOOTH_TASK
                0x08001220      0x320 ./Core/Src/freertos.o
                0x08001220                BLUETOOTH_TASK
 .text.ALC_TASK
                0x08001540       0x64 ./Core/Src/freertos.o
                0x08001540                ALC_TASK
 .text.MX_GPIO_Init
                0x080015a4      0x114 ./Core/Src/gpio.o
                0x080015a4                MX_GPIO_Init
 .text.main     0x080016b8       0x54 ./Core/Src/main.o
                0x080016b8                main
 .text.SystemClock_Config
                0x0800170c       0xd0 ./Core/Src/main.o
                0x0800170c                SystemClock_Config
 .text.HAL_TIM_PeriodElapsedCallback
                0x080017dc       0x24 ./Core/Src/main.o
                0x080017dc                HAL_TIM_PeriodElapsedCallback
 .text.Error_Handler
                0x08001800        0xc ./Core/Src/main.o
                0x08001800                Error_Handler
 .text.Motor_voidInit
                0x0800180c       0x2c ./Core/Src/motor.o
                0x0800180c                Motor_voidInit
 .text.Motor_voidControlSpeed
                0x08001838       0x20 ./Core/Src/motor.o
                0x08001838                Motor_voidControlSpeed
 .text.Motor_voidMoveForward
                0x08001858       0x34 ./Core/Src/motor.o
                0x08001858                Motor_voidMoveForward
 .text.Motor_voidMoveBackward
                0x0800188c       0x34 ./Core/Src/motor.o
                0x0800188c                Motor_voidMoveBackward
 .text.Motor_voidMoveRight
                0x080018c0       0x2c ./Core/Src/motor.o
                0x080018c0                Motor_voidMoveRight
 .text.Motor_voidMoveLeft
                0x080018ec       0x2c ./Core/Src/motor.o
                0x080018ec                Motor_voidMoveLeft
 .text.Motor_voidStop
                0x08001918       0x34 ./Core/Src/motor.o
                0x08001918                Motor_voidStop
 .text.Motor_voidMoveMiddle
                0x0800194c       0x20 ./Core/Src/motor.o
                0x0800194c                Motor_voidMoveMiddle
 .text.Motor_voidDirection
                0x0800196c       0x3e ./Core/Src/motor.o
                0x0800196c                Motor_voidDirection
 *fill*         0x080019aa        0x2 
 .text.HAL_MspInit
                0x080019ac       0x50 ./Core/Src/stm32f3xx_hal_msp.o
                0x080019ac                HAL_MspInit
 .text.HAL_InitTick
                0x080019fc       0xe0 ./Core/Src/stm32f3xx_hal_timebase_tim.o
                0x080019fc                HAL_InitTick
 .text.NMI_Handler
                0x08001adc        0x8 ./Core/Src/stm32f3xx_it.o
                0x08001adc                NMI_Handler
 .text.HardFault_Handler
                0x08001ae4        0x8 ./Core/Src/stm32f3xx_it.o
                0x08001ae4                HardFault_Handler
 .text.MemManage_Handler
                0x08001aec        0x8 ./Core/Src/stm32f3xx_it.o
                0x08001aec                MemManage_Handler
 .text.BusFault_Handler
                0x08001af4        0x8 ./Core/Src/stm32f3xx_it.o
                0x08001af4                BusFault_Handler
 .text.UsageFault_Handler
                0x08001afc        0x8 ./Core/Src/stm32f3xx_it.o
                0x08001afc                UsageFault_Handler
 .text.DebugMon_Handler
                0x08001b04        0xe ./Core/Src/stm32f3xx_it.o
                0x08001b04                DebugMon_Handler
 *fill*         0x08001b12        0x2 
 .text.TIM1_UP_TIM16_IRQHandler
                0x08001b14       0x14 ./Core/Src/stm32f3xx_it.o
                0x08001b14                TIM1_UP_TIM16_IRQHandler
 .text.TIM4_IRQHandler
                0x08001b28       0x14 ./Core/Src/stm32f3xx_it.o
                0x08001b28                TIM4_IRQHandler
 .text.SystemInit
                0x08001b3c       0x24 ./Core/Src/system_stm32f3xx.o
                0x08001b3c                SystemInit
 .text.MX_TIM3_Init
                0x08001b60      0x118 ./Core/Src/tim.o
                0x08001b60                MX_TIM3_Init
 .text.MX_TIM4_Init
                0x08001c78       0xe4 ./Core/Src/tim.o
                0x08001c78                MX_TIM4_Init
 .text.HAL_TIM_Base_MspInit
                0x08001d5c       0xc0 ./Core/Src/tim.o
                0x08001d5c                HAL_TIM_Base_MspInit
 .text.HAL_TIM_MspPostInit
                0x08001e1c       0xa8 ./Core/Src/tim.o
                0x08001e1c                HAL_TIM_MspPostInit
 .text.MX_USART1_UART_Init
                0x08001ec4       0x60 ./Core/Src/usart.o
                0x08001ec4                MX_USART1_UART_Init
 .text.MX_USART2_UART_Init
                0x08001f24       0x60 ./Core/Src/usart.o
                0x08001f24                MX_USART2_UART_Init
 .text.HAL_UART_MspInit
                0x08001f84       0xe8 ./Core/Src/usart.o
                0x08001f84                HAL_UART_MspInit
 .text.Reset_Handler
                0x0800206c       0x50 ./Core/Startup/startup_stm32f303retx.o
                0x0800206c                Reset_Handler
 .text.Default_Handler
                0x080020bc        0x2 ./Core/Startup/startup_stm32f303retx.o
                0x080020bc                RTC_Alarm_IRQHandler
                0x080020bc                TIM8_TRG_COM_IRQHandler
                0x080020bc                TIM8_CC_IRQHandler
                0x080020bc                SPI4_IRQHandler
                0x080020bc                TIM1_CC_IRQHandler
                0x080020bc                USB_HP_IRQHandler
                0x080020bc                PVD_IRQHandler
                0x080020bc                TAMP_STAMP_IRQHandler
                0x080020bc                EXTI3_IRQHandler
                0x080020bc                I2C3_ER_IRQHandler
                0x080020bc                USB_HP_CAN_TX_IRQHandler
                0x080020bc                EXTI0_IRQHandler
                0x080020bc                I2C2_EV_IRQHandler
                0x080020bc                FPU_IRQHandler
                0x080020bc                ADC1_2_IRQHandler
                0x080020bc                SPI1_IRQHandler
                0x080020bc                CAN_SCE_IRQHandler
                0x080020bc                TIM6_DAC_IRQHandler
                0x080020bc                TIM8_UP_IRQHandler
                0x080020bc                DMA2_Channel2_IRQHandler
                0x080020bc                DMA1_Channel4_IRQHandler
                0x080020bc                TIM20_TRG_COM_IRQHandler
                0x080020bc                USART3_IRQHandler
                0x080020bc                DMA1_Channel7_IRQHandler
                0x080020bc                UART5_IRQHandler
                0x080020bc                ADC3_IRQHandler
                0x080020bc                CAN_RX1_IRQHandler
                0x080020bc                DMA2_Channel1_IRQHandler
                0x080020bc                I2C1_EV_IRQHandler
                0x080020bc                DMA1_Channel6_IRQHandler
                0x080020bc                UART4_IRQHandler
                0x080020bc                DMA2_Channel4_IRQHandler
                0x080020bc                TIM3_IRQHandler
                0x080020bc                RCC_IRQHandler
                0x080020bc                TIM20_UP_IRQHandler
                0x080020bc                DMA1_Channel1_IRQHandler
                0x080020bc                Default_Handler
                0x080020bc                USBWakeUp_RMP_IRQHandler
                0x080020bc                EXTI15_10_IRQHandler
                0x080020bc                TIM7_IRQHandler
                0x080020bc                I2C3_EV_IRQHandler
                0x080020bc                EXTI9_5_IRQHandler
                0x080020bc                RTC_WKUP_IRQHandler
                0x080020bc                SPI2_IRQHandler
                0x080020bc                USB_LP_CAN_RX0_IRQHandler
                0x080020bc                DMA2_Channel5_IRQHandler
                0x080020bc                DMA1_Channel5_IRQHandler
                0x080020bc                USB_LP_IRQHandler
                0x080020bc                EXTI4_IRQHandler
                0x080020bc                TIM1_TRG_COM_TIM17_IRQHandler
                0x080020bc                DMA1_Channel3_IRQHandler
                0x080020bc                ADC4_IRQHandler
                0x080020bc                WWDG_IRQHandler
                0x080020bc                TIM2_IRQHandler
                0x080020bc                COMP7_IRQHandler
                0x080020bc                COMP1_2_3_IRQHandler
                0x080020bc                EXTI1_IRQHandler
                0x080020bc                USART2_IRQHandler
                0x080020bc                COMP4_5_6_IRQHandler
                0x080020bc                TIM20_BRK_IRQHandler
                0x080020bc                I2C2_ER_IRQHandler
                0x080020bc                DMA1_Channel2_IRQHandler
                0x080020bc                TIM8_BRK_IRQHandler
                0x080020bc                FLASH_IRQHandler
                0x080020bc                TIM20_CC_IRQHandler
                0x080020bc                USART1_IRQHandler
                0x080020bc                SPI3_IRQHandler
                0x080020bc                I2C1_ER_IRQHandler
                0x080020bc                FMC_IRQHandler
                0x080020bc                USBWakeUp_IRQHandler
                0x080020bc                DMA2_Channel3_IRQHandler
                0x080020bc                EXTI2_TSC_IRQHandler
                0x080020bc                TIM1_BRK_TIM15_IRQHandler
 *fill*         0x080020be        0x2 
 .text.HAL_Init
                0x080020c0       0x2c ./Drivers/STM32F3xx_HAL_Driver/Src/stm32f3xx_hal.o
                0x080020c0                HAL_Init
 .text.HAL_IncTick
                0x080020ec       0x28 ./Drivers/STM32F3xx_HAL_Driver/Src/stm32f3xx_hal.o
                0x080020ec                HAL_IncTick
 .text.HAL_GetTick
                0x08002114       0x18 ./Drivers/STM32F3xx_HAL_Driver/Src/stm32f3xx_hal.o
                0x08002114                HAL_GetTick
 .text.HAL_ADC_Init
                0x0800212c      0x3f4 ./Drivers/STM32F3xx_HAL_Driver/Src/stm32f3xx_hal_adc_ex.o
                0x0800212c                HAL_ADC_Init
 .text.HAL_ADC_Start
                0x08002520      0x22c ./Drivers/STM32F3xx_HAL_Driver/Src/stm32f3xx_hal_adc_ex.o
                0x08002520                HAL_ADC_Start
 .text.HAL_ADC_PollForConversion
                0x0800274c      0x204 ./Drivers/STM32F3xx_HAL_Driver/Src/stm32f3xx_hal_adc_ex.o
                0x0800274c                HAL_ADC_PollForConversion
 .text.HAL_ADC_GetValue
                0x08002950       0x1a ./Drivers/STM32F3xx_HAL_Driver/Src/stm32f3xx_hal_adc_ex.o
                0x08002950                HAL_ADC_GetValue
 *fill*         0x0800296a        0x2 
 .text.HAL_ADC_ConfigChannel
                0x0800296c      0x5d4 ./Drivers/STM32F3xx_HAL_Driver/Src/stm32f3xx_hal_adc_ex.o
                0x0800296c                HAL_ADC_ConfigChannel
 .text.HAL_ADCEx_MultiModeConfigChannel
                0x08002f40      0x1e4 ./Drivers/STM32F3xx_HAL_Driver/Src/stm32f3xx_hal_adc_ex.o
                0x08002f40                HAL_ADCEx_MultiModeConfigChannel
 .text.ADC_Enable
                0x08003124       0xc8 ./Drivers/STM32F3xx_HAL_Driver/Src/stm32f3xx_hal_adc_ex.o
 .text.ADC_Disable
                0x080031ec       0xcc ./Drivers/STM32F3xx_HAL_Driver/Src/stm32f3xx_hal_adc_ex.o
 .text.__NVIC_SetPriorityGrouping
                0x080032b8       0x48 ./Drivers/STM32F3xx_HAL_Driver/Src/stm32f3xx_hal_cortex.o
 .text.__NVIC_GetPriorityGrouping
                0x08003300       0x1c ./Drivers/STM32F3xx_HAL_Driver/Src/stm32f3xx_hal_cortex.o
 .text.__NVIC_EnableIRQ
                0x0800331c       0x3c ./Drivers/STM32F3xx_HAL_Driver/Src/stm32f3xx_hal_cortex.o
 .text.__NVIC_SetPriority
                0x08003358       0x54 ./Drivers/STM32F3xx_HAL_Driver/Src/stm32f3xx_hal_cortex.o
 .text.NVIC_EncodePriority
                0x080033ac       0x66 ./Drivers/STM32F3xx_HAL_Driver/Src/stm32f3xx_hal_cortex.o
 .text.HAL_NVIC_SetPriorityGrouping
                0x08003412       0x16 ./Drivers/STM32F3xx_HAL_Driver/Src/stm32f3xx_hal_cortex.o
                0x08003412                HAL_NVIC_SetPriorityGrouping
 .text.HAL_NVIC_SetPriority
                0x08003428       0x38 ./Drivers/STM32F3xx_HAL_Driver/Src/stm32f3xx_hal_cortex.o
                0x08003428                HAL_NVIC_SetPriority
 .text.HAL_NVIC_EnableIRQ
                0x08003460       0x1c ./Drivers/STM32F3xx_HAL_Driver/Src/stm32f3xx_hal_cortex.o
                0x08003460                HAL_NVIC_EnableIRQ
 .text.HAL_GPIO_Init
                0x0800347c      0x314 ./Drivers/STM32F3xx_HAL_Driver/Src/stm32f3xx_hal_gpio.o
                0x0800347c                HAL_GPIO_Init
 .text.HAL_GPIO_ReadPin
                0x08003790       0x30 ./Drivers/STM32F3xx_HAL_Driver/Src/stm32f3xx_hal_gpio.o
                0x08003790                HAL_GPIO_ReadPin
 .text.HAL_GPIO_WritePin
                0x080037c0       0x30 ./Drivers/STM32F3xx_HAL_Driver/Src/stm32f3xx_hal_gpio.o
                0x080037c0                HAL_GPIO_WritePin
 .text.HAL_GPIO_TogglePin
                0x080037f0       0x34 ./Drivers/STM32F3xx_HAL_Driver/Src/stm32f3xx_hal_gpio.o
                0x080037f0                HAL_GPIO_TogglePin
 .text.HAL_RCC_OscConfig
                0x08003824     0x10a8 ./Drivers/STM32F3xx_HAL_Driver/Src/stm32f3xx_hal_rcc.o
                0x08003824                HAL_RCC_OscConfig
 .text.HAL_RCC_ClockConfig
                0x080048cc      0x2f8 ./Drivers/STM32F3xx_HAL_Driver/Src/stm32f3xx_hal_rcc.o
                0x080048cc                HAL_RCC_ClockConfig
 .text.HAL_RCC_GetSysClockFreq
                0x08004bc4       0xd4 ./Drivers/STM32F3xx_HAL_Driver/Src/stm32f3xx_hal_rcc.o
                0x08004bc4                HAL_RCC_GetSysClockFreq
 .text.HAL_RCC_GetHCLKFreq
                0x08004c98       0x18 ./Drivers/STM32F3xx_HAL_Driver/Src/stm32f3xx_hal_rcc.o
                0x08004c98                HAL_RCC_GetHCLKFreq
 .text.HAL_RCC_GetPCLK1Freq
                0x08004cb0       0x44 ./Drivers/STM32F3xx_HAL_Driver/Src/stm32f3xx_hal_rcc.o
                0x08004cb0                HAL_RCC_GetPCLK1Freq
 .text.HAL_RCC_GetPCLK2Freq
                0x08004cf4       0x44 ./Drivers/STM32F3xx_HAL_Driver/Src/stm32f3xx_hal_rcc.o
                0x08004cf4                HAL_RCC_GetPCLK2Freq
 .text.HAL_RCC_GetClockConfig
                0x08004d38       0x64 ./Drivers/STM32F3xx_HAL_Driver/Src/stm32f3xx_hal_rcc.o
                0x08004d38                HAL_RCC_GetClockConfig
 .text.HAL_RCCEx_PeriphCLKConfig
                0x08004d9c      0x43c ./Drivers/STM32F3xx_HAL_Driver/Src/stm32f3xx_hal_rcc_ex.o
                0x08004d9c                HAL_RCCEx_PeriphCLKConfig
 .text.HAL_TIM_Base_Init
                0x080051d8       0xae ./Drivers/STM32F3xx_HAL_Driver/Src/stm32f3xx_hal_tim.o
                0x080051d8                HAL_TIM_Base_Init
 *fill*         0x08005286        0x2 
 .text.HAL_TIM_Base_Start_IT
                0x08005288       0xe0 ./Drivers/STM32F3xx_HAL_Driver/Src/stm32f3xx_hal_tim.o
                0x08005288                HAL_TIM_Base_Start_IT
 .text.HAL_TIM_PWM_Init
                0x08005368       0xae ./Drivers/STM32F3xx_HAL_Driver/Src/stm32f3xx_hal_tim.o
                0x08005368                HAL_TIM_PWM_Init
 .text.HAL_TIM_PWM_MspInit
                0x08005416       0x14 ./Drivers/STM32F3xx_HAL_Driver/Src/stm32f3xx_hal_tim.o
                0x08005416                HAL_TIM_PWM_MspInit
 *fill*         0x0800542a        0x2 
 .text.HAL_TIM_PWM_Start
                0x0800542c      0x218 ./Drivers/STM32F3xx_HAL_Driver/Src/stm32f3xx_hal_tim.o
                0x0800542c                HAL_TIM_PWM_Start
 .text.HAL_TIM_IC_Init
                0x08005644       0xae ./Drivers/STM32F3xx_HAL_Driver/Src/stm32f3xx_hal_tim.o
                0x08005644                HAL_TIM_IC_Init
 .text.HAL_TIM_IC_MspInit
                0x080056f2       0x14 ./Drivers/STM32F3xx_HAL_Driver/Src/stm32f3xx_hal_tim.o
                0x080056f2                HAL_TIM_IC_MspInit
 *fill*         0x08005706        0x2 
 .text.HAL_TIM_IC_Start_IT
                0x08005708      0x294 ./Drivers/STM32F3xx_HAL_Driver/Src/stm32f3xx_hal_tim.o
                0x08005708                HAL_TIM_IC_Start_IT
 .text.HAL_TIM_IRQHandler
                0x0800599c      0x23e ./Drivers/STM32F3xx_HAL_Driver/Src/stm32f3xx_hal_tim.o
                0x0800599c                HAL_TIM_IRQHandler
 .text.HAL_TIM_IC_ConfigChannel
                0x08005bda      0x138 ./Drivers/STM32F3xx_HAL_Driver/Src/stm32f3xx_hal_tim.o
                0x08005bda                HAL_TIM_IC_ConfigChannel
 *fill*         0x08005d12        0x2 
 .text.HAL_TIM_PWM_ConfigChannel
                0x08005d14      0x228 ./Drivers/STM32F3xx_HAL_Driver/Src/stm32f3xx_hal_tim.o
                0x08005d14                HAL_TIM_PWM_ConfigChannel
 .text.HAL_TIM_ConfigClockSource
                0x08005f3c      0x192 ./Drivers/STM32F3xx_HAL_Driver/Src/stm32f3xx_hal_tim.o
                0x08005f3c                HAL_TIM_ConfigClockSource
 *fill*         0x080060ce        0x2 
 .text.HAL_TIM_ReadCapturedValue
                0x080060d0       0x88 ./Drivers/STM32F3xx_HAL_Driver/Src/stm32f3xx_hal_tim.o
                0x080060d0                HAL_TIM_ReadCapturedValue
 .text.HAL_TIM_OC_DelayElapsedCallback
                0x08006158       0x14 ./Drivers/STM32F3xx_HAL_Driver/Src/stm32f3xx_hal_tim.o
                0x08006158                HAL_TIM_OC_DelayElapsedCallback
 .text.HAL_TIM_PWM_PulseFinishedCallback
                0x0800616c       0x14 ./Drivers/STM32F3xx_HAL_Driver/Src/stm32f3xx_hal_tim.o
                0x0800616c                HAL_TIM_PWM_PulseFinishedCallback
 .text.HAL_TIM_TriggerCallback
                0x08006180       0x14 ./Drivers/STM32F3xx_HAL_Driver/Src/stm32f3xx_hal_tim.o
                0x08006180                HAL_TIM_TriggerCallback
 .text.TIM_Base_SetConfig
                0x08006194      0x13c ./Drivers/STM32F3xx_HAL_Driver/Src/stm32f3xx_hal_tim.o
                0x08006194                TIM_Base_SetConfig
 .text.TIM_OC1_SetConfig
                0x080062d0      0x134 ./Drivers/STM32F3xx_HAL_Driver/Src/stm32f3xx_hal_tim.o
 .text.TIM_OC2_SetConfig
                0x08006404      0x128 ./Drivers/STM32F3xx_HAL_Driver/Src/stm32f3xx_hal_tim.o
                0x08006404                TIM_OC2_SetConfig
 .text.TIM_OC3_SetConfig
                0x0800652c      0x124 ./Drivers/STM32F3xx_HAL_Driver/Src/stm32f3xx_hal_tim.o
 .text.TIM_OC4_SetConfig
                0x08006650       0xe0 ./Drivers/STM32F3xx_HAL_Driver/Src/stm32f3xx_hal_tim.o
 .text.TIM_OC5_SetConfig
                0x08006730       0xd4 ./Drivers/STM32F3xx_HAL_Driver/Src/stm32f3xx_hal_tim.o
 .text.TIM_OC6_SetConfig
                0x08006804       0xd8 ./Drivers/STM32F3xx_HAL_Driver/Src/stm32f3xx_hal_tim.o
 .text.TIM_TI1_SetConfig
                0x080068dc       0xdc ./Drivers/STM32F3xx_HAL_Driver/Src/stm32f3xx_hal_tim.o
                0x080068dc                TIM_TI1_SetConfig
 .text.TIM_TI1_ConfigInputStage
                0x080069b8       0x5e ./Drivers/STM32F3xx_HAL_Driver/Src/stm32f3xx_hal_tim.o
 .text.TIM_TI2_SetConfig
                0x08006a16       0x7a ./Drivers/STM32F3xx_HAL_Driver/Src/stm32f3xx_hal_tim.o
 .text.TIM_TI2_ConfigInputStage
                0x08006a90       0x60 ./Drivers/STM32F3xx_HAL_Driver/Src/stm32f3xx_hal_tim.o
 .text.TIM_TI3_SetConfig
                0x08006af0       0x78 ./Drivers/STM32F3xx_HAL_Driver/Src/stm32f3xx_hal_tim.o
 .text.TIM_TI4_SetConfig
                0x08006b68       0x7a ./Drivers/STM32F3xx_HAL_Driver/Src/stm32f3xx_hal_tim.o
 .text.TIM_ITRx_SetConfig
                0x08006be2       0x36 ./Drivers/STM32F3xx_HAL_Driver/Src/stm32f3xx_hal_tim.o
 .text.TIM_ETR_SetConfig
                0x08006c18       0x40 ./Drivers/STM32F3xx_HAL_Driver/Src/stm32f3xx_hal_tim.o
                0x08006c18                TIM_ETR_SetConfig
 .text.TIM_CCxChannelCmd
                0x08006c58       0x4a ./Drivers/STM32F3xx_HAL_Driver/Src/stm32f3xx_hal_tim.o
                0x08006c58                TIM_CCxChannelCmd
 *fill*         0x08006ca2        0x2 
 .text.HAL_TIMEx_MasterConfigSynchronization
                0x08006ca4      0x118 ./Drivers/STM32F3xx_HAL_Driver/Src/stm32f3xx_hal_tim_ex.o
                0x08006ca4                HAL_TIMEx_MasterConfigSynchronization
 .text.HAL_TIMEx_CommutCallback
                0x08006dbc       0x14 ./Drivers/STM32F3xx_HAL_Driver/Src/stm32f3xx_hal_tim_ex.o
                0x08006dbc                HAL_TIMEx_CommutCallback
 .text.HAL_TIMEx_BreakCallback
                0x08006dd0       0x14 ./Drivers/STM32F3xx_HAL_Driver/Src/stm32f3xx_hal_tim_ex.o
                0x08006dd0                HAL_TIMEx_BreakCallback
 .text.HAL_TIMEx_Break2Callback
                0x08006de4       0x14 ./Drivers/STM32F3xx_HAL_Driver/Src/stm32f3xx_hal_tim_ex.o
                0x08006de4                HAL_TIMEx_Break2Callback
 .text.HAL_UART_Init
                0x08006df8       0x9c ./Drivers/STM32F3xx_HAL_Driver/Src/stm32f3xx_hal_uart.o
                0x08006df8                HAL_UART_Init
 .text.HAL_UART_Receive
                0x08006e94      0x192 ./Drivers/STM32F3xx_HAL_Driver/Src/stm32f3xx_hal_uart.o
                0x08006e94                HAL_UART_Receive
 *fill*         0x08007026        0x2 
 .text.UART_SetConfig
                0x08007028      0x3a8 ./Drivers/STM32F3xx_HAL_Driver/Src/stm32f3xx_hal_uart.o
                0x08007028                UART_SetConfig
 .text.UART_AdvFeatureConfig
                0x080073d0      0x144 ./Drivers/STM32F3xx_HAL_Driver/Src/stm32f3xx_hal_uart.o
                0x080073d0                UART_AdvFeatureConfig
 .text.UART_CheckIdleState
                0x08007514      0x150 ./Drivers/STM32F3xx_HAL_Driver/Src/stm32f3xx_hal_uart.o
                0x08007514                UART_CheckIdleState
 .text.UART_WaitOnFlagUntilTimeout
                0x08007664       0xce ./Drivers/STM32F3xx_HAL_Driver/Src/stm32f3xx_hal_uart.o
                0x08007664                UART_WaitOnFlagUntilTimeout
 .text.UART_EndRxTransfer
                0x08007732       0xc8 ./Drivers/STM32F3xx_HAL_Driver/Src/stm32f3xx_hal_uart.o
 *fill*         0x080077fa        0x2 
 .text.osKernelInitialize
                0x080077fc       0x68 ./Middlewares/Third_Party/FreeRTOS/Source/CMSIS_RTOS_V2/cmsis_os2.o
                0x080077fc                osKernelInitialize
 .text.osKernelStart
                0x08007864       0x68 ./Middlewares/Third_Party/FreeRTOS/Source/CMSIS_RTOS_V2/cmsis_os2.o
                0x08007864                osKernelStart
 .text.osThreadNew
                0x080078cc      0x154 ./Middlewares/Third_Party/FreeRTOS/Source/CMSIS_RTOS_V2/cmsis_os2.o
                0x080078cc                osThreadNew
 .text.osDelay  0x08007a20       0x5c ./Middlewares/Third_Party/FreeRTOS/Source/CMSIS_RTOS_V2/cmsis_os2.o
                0x08007a20                osDelay
 .text.osSemaphoreNew
                0x08007a7c      0x138 ./Middlewares/Third_Party/FreeRTOS/Source/CMSIS_RTOS_V2/cmsis_os2.o
                0x08007a7c                osSemaphoreNew
 .text.vApplicationGetIdleTaskMemory
                0x08007bb4       0x34 ./Middlewares/Third_Party/FreeRTOS/Source/CMSIS_RTOS_V2/cmsis_os2.o
                0x08007bb4                vApplicationGetIdleTaskMemory
 .text.vApplicationGetTimerTaskMemory
                0x08007be8       0x34 ./Middlewares/Third_Party/FreeRTOS/Source/CMSIS_RTOS_V2/cmsis_os2.o
                0x08007be8                vApplicationGetTimerTaskMemory
 .text.vListInitialise
                0x08007c1c       0x40 ./Middlewares/Third_Party/FreeRTOS/Source/list.o
                0x08007c1c                vListInitialise
 .text.vListInitialiseItem
                0x08007c5c       0x1a ./Middlewares/Third_Party/FreeRTOS/Source/list.o
                0x08007c5c                vListInitialiseItem
 .text.vListInsertEnd
                0x08007c76       0x48 ./Middlewares/Third_Party/FreeRTOS/Source/list.o
                0x08007c76                vListInsertEnd
 .text.vListInsert
                0x08007cbe       0x72 ./Middlewares/Third_Party/FreeRTOS/Source/list.o
                0x08007cbe                vListInsert
 .text.uxListRemove
                0x08007d30       0x54 ./Middlewares/Third_Party/FreeRTOS/Source/list.o
                0x08007d30                uxListRemove
 .text.xQueueGenericReset
                0x08007d84       0xd4 ./Middlewares/Third_Party/FreeRTOS/Source/queue.o
                0x08007d84                xQueueGenericReset
 .text.xQueueGenericCreateStatic
                0x08007e58       0xf8 ./Middlewares/Third_Party/FreeRTOS/Source/queue.o
                0x08007e58                xQueueGenericCreateStatic
 .text.xQueueGenericCreate
                0x08007f50       0x7e ./Middlewares/Third_Party/FreeRTOS/Source/queue.o
                0x08007f50                xQueueGenericCreate
 .text.prvInitialiseNewQueue
                0x08007fce       0x46 ./Middlewares/Third_Party/FreeRTOS/Source/queue.o
 .text.xQueueCreateCountingSemaphoreStatic
                0x08008014       0x72 ./Middlewares/Third_Party/FreeRTOS/Source/queue.o
                0x08008014                xQueueCreateCountingSemaphoreStatic
 .text.xQueueCreateCountingSemaphore
                0x08008086       0x6a ./Middlewares/Third_Party/FreeRTOS/Source/queue.o
                0x08008086                xQueueCreateCountingSemaphore
 .text.xQueueGenericSend
                0x080080f0      0x204 ./Middlewares/Third_Party/FreeRTOS/Source/queue.o
                0x080080f0                xQueueGenericSend
 .text.xQueueGenericSendFromISR
                0x080082f4      0x136 ./Middlewares/Third_Party/FreeRTOS/Source/queue.o
                0x080082f4                xQueueGenericSendFromISR
 *fill*         0x0800842a        0x2 
 .text.xQueueReceive
                0x0800842c      0x1c4 ./Middlewares/Third_Party/FreeRTOS/Source/queue.o
                0x0800842c                xQueueReceive
 .text.vQueueDelete
                0x080085f0       0x48 ./Middlewares/Third_Party/FreeRTOS/Source/queue.o
                0x080085f0                vQueueDelete
 .text.prvCopyDataToQueue
                0x08008638       0xd4 ./Middlewares/Third_Party/FreeRTOS/Source/queue.o
 .text.prvCopyDataFromQueue
                0x0800870c       0x4c ./Middlewares/Third_Party/FreeRTOS/Source/queue.o
 .text.prvUnlockQueue
                0x08008758       0xa4 ./Middlewares/Third_Party/FreeRTOS/Source/queue.o
 .text.prvIsQueueEmpty
                0x080087fc       0x2c ./Middlewares/Third_Party/FreeRTOS/Source/queue.o
 .text.prvIsQueueFull
                0x08008828       0x30 ./Middlewares/Third_Party/FreeRTOS/Source/queue.o
 .text.vQueueAddToRegistry
                0x08008858       0x54 ./Middlewares/Third_Party/FreeRTOS/Source/queue.o
                0x08008858                vQueueAddToRegistry
 .text.vQueueUnregisterQueue
                0x080088ac       0x54 ./Middlewares/Third_Party/FreeRTOS/Source/queue.o
                0x080088ac                vQueueUnregisterQueue
 .text.vQueueWaitForMessageRestricted
                0x08008900       0x68 ./Middlewares/Third_Party/FreeRTOS/Source/queue.o
                0x08008900                vQueueWaitForMessageRestricted
 .text.xTaskCreateStatic
                0x08008968       0xbe ./Middlewares/Third_Party/FreeRTOS/Source/tasks.o
                0x08008968                xTaskCreateStatic
 .text.xTaskCreate
                0x08008a26       0x8a ./Middlewares/Third_Party/FreeRTOS/Source/tasks.o
                0x08008a26                xTaskCreate
 .text.prvInitialiseNewTask
                0x08008ab0      0x110 ./Middlewares/Third_Party/FreeRTOS/Source/tasks.o
 .text.prvAddNewTaskToReadyList
                0x08008bc0       0xe0 ./Middlewares/Third_Party/FreeRTOS/Source/tasks.o
 .text.vTaskDelay
                0x08008ca0       0x6c ./Middlewares/Third_Party/FreeRTOS/Source/tasks.o
                0x08008ca0                vTaskDelay
 .text.vTaskStartScheduler
                0x08008d0c       0xd0 ./Middlewares/Third_Party/FreeRTOS/Source/tasks.o
                0x08008d0c                vTaskStartScheduler
 .text.vTaskSuspendAll
                0x08008ddc       0x1c ./Middlewares/Third_Party/FreeRTOS/Source/tasks.o
                0x08008ddc                vTaskSuspendAll
 .text.xTaskResumeAll
                0x08008df8      0x13c ./Middlewares/Third_Party/FreeRTOS/Source/tasks.o
                0x08008df8                xTaskResumeAll
 .text.xTaskGetTickCount
                0x08008f34       0x20 ./Middlewares/Third_Party/FreeRTOS/Source/tasks.o
                0x08008f34                xTaskGetTickCount
 .text.xTaskIncrementTick
                0x08008f54      0x180 ./Middlewares/Third_Party/FreeRTOS/Source/tasks.o
                0x08008f54                xTaskIncrementTick
 .text.vTaskSwitchContext
                0x080090d4       0xbc ./Middlewares/Third_Party/FreeRTOS/Source/tasks.o
                0x080090d4                vTaskSwitchContext
 .text.vTaskPlaceOnEventList
                0x08009190       0x4c ./Middlewares/Third_Party/FreeRTOS/Source/tasks.o
                0x08009190                vTaskPlaceOnEventList
 .text.vTaskPlaceOnEventListRestricted
                0x080091dc       0x58 ./Middlewares/Third_Party/FreeRTOS/Source/tasks.o
                0x080091dc                vTaskPlaceOnEventListRestricted
 .text.xTaskRemoveFromEventList
                0x08009234       0xc8 ./Middlewares/Third_Party/FreeRTOS/Source/tasks.o
                0x08009234                xTaskRemoveFromEventList
 .text.vTaskInternalSetTimeOutState
                0x080092fc       0x2c ./Middlewares/Third_Party/FreeRTOS/Source/tasks.o
                0x080092fc                vTaskInternalSetTimeOutState
 .text.xTaskCheckForTimeOut
                0x08009328       0xc8 ./Middlewares/Third_Party/FreeRTOS/Source/tasks.o
                0x08009328                xTaskCheckForTimeOut
 .text.vTaskMissedYield
                0x080093f0       0x18 ./Middlewares/Third_Party/FreeRTOS/Source/tasks.o
                0x080093f0                vTaskMissedYield
 .text.prvIdleTask
                0x08009408       0x30 ./Middlewares/Third_Party/FreeRTOS/Source/tasks.o
 .text.prvInitialiseTaskLists
                0x08009438       0x80 ./Middlewares/Third_Party/FreeRTOS/Source/tasks.o
 .text.prvCheckTasksWaitingTermination
                0x080094b8       0x5c ./Middlewares/Third_Party/FreeRTOS/Source/tasks.o
 .text.prvDeleteTCB
                0x08009514       0x60 ./Middlewares/Third_Party/FreeRTOS/Source/tasks.o
 .text.prvResetNextTaskUnblockTime
                0x08009574       0x4c ./Middlewares/Third_Party/FreeRTOS/Source/tasks.o
 .text.xTaskGetSchedulerState
                0x080095c0       0x3c ./Middlewares/Third_Party/FreeRTOS/Source/tasks.o
                0x080095c0                xTaskGetSchedulerState
 .text.xTaskPriorityDisinherit
                0x080095fc       0xe0 ./Middlewares/Third_Party/FreeRTOS/Source/tasks.o
                0x080095fc                xTaskPriorityDisinherit
 .text.prvAddCurrentTaskToDelayedList
                0x080096dc       0xa8 ./Middlewares/Third_Party/FreeRTOS/Source/tasks.o
 .text.xTimerCreateTimerTask
                0x08009784       0x94 ./Middlewares/Third_Party/FreeRTOS/Source/timers.o
                0x08009784                xTimerCreateTimerTask
 .text.xTimerGenericCommand
                0x08009818       0x9c ./Middlewares/Third_Party/FreeRTOS/Source/timers.o
                0x08009818                xTimerGenericCommand
 .text.prvProcessExpiredTimer
                0x080098b4       0x84 ./Middlewares/Third_Party/FreeRTOS/Source/timers.o
 .text.prvTimerTask
                0x08009938       0x26 ./Middlewares/Third_Party/FreeRTOS/Source/timers.o
 *fill*         0x0800995e        0x2 
 .text.prvProcessTimerOrBlockTask
                0x08009960       0x9c ./Middlewares/Third_Party/FreeRTOS/Source/timers.o
 .text.prvGetNextExpireTime
                0x080099fc       0x48 ./Middlewares/Third_Party/FreeRTOS/Source/timers.o
 .text.prvSampleTimeNow
                0x08009a44       0x40 ./Middlewares/Third_Party/FreeRTOS/Source/timers.o
 .text.prvInsertTimerInActiveList
                0x08009a84       0x84 ./Middlewares/Third_Party/FreeRTOS/Source/timers.o
 .text.prvProcessReceivedCommands
                0x08009b08      0x178 ./Middlewares/Third_Party/FreeRTOS/Source/timers.o
 .text.prvSwitchTimerLists
                0x08009c80       0xc4 ./Middlewares/Third_Party/FreeRTOS/Source/timers.o
 .text.prvCheckForValidListAndQueue
                0x08009d44       0x80 ./Middlewares/Third_Party/FreeRTOS/Source/timers.o
 .text.pxPortInitialiseStack
                0x08009dc4       0x68 ./Middlewares/Third_Party/FreeRTOS/Source/portable/GCC/ARM_CM4F/port.o
                0x08009dc4                pxPortInitialiseStack
 .text.prvTaskExitError
                0x08009e2c       0x5c ./Middlewares/Third_Party/FreeRTOS/Source/portable/GCC/ARM_CM4F/port.o
 *fill*         0x08009e88        0x8 
 .text.SVC_Handler
                0x08009e90       0x28 ./Middlewares/Third_Party/FreeRTOS/Source/portable/GCC/ARM_CM4F/port.o
                0x08009e90                SVC_Handler
 .text.prvPortStartFirstTask
                0x08009eb8       0x28 ./Middlewares/Third_Party/FreeRTOS/Source/portable/GCC/ARM_CM4F/port.o
 .text.xPortStartScheduler
                0x08009ee0      0x148 ./Middlewares/Third_Party/FreeRTOS/Source/portable/GCC/ARM_CM4F/port.o
                0x08009ee0                xPortStartScheduler
 .text.vPortEnterCritical
                0x0800a028       0x64 ./Middlewares/Third_Party/FreeRTOS/Source/portable/GCC/ARM_CM4F/port.o
                0x0800a028                vPortEnterCritical
 .text.vPortExitCritical
                0x0800a08c       0x54 ./Middlewares/Third_Party/FreeRTOS/Source/portable/GCC/ARM_CM4F/port.o
                0x0800a08c                vPortExitCritical
 .text.PendSV_Handler
                0x0800a0e0       0x68 ./Middlewares/Third_Party/FreeRTOS/Source/portable/GCC/ARM_CM4F/port.o
                0x0800a0e0                PendSV_Handler
 .text.SysTick_Handler
                0x0800a148       0x44 ./Middlewares/Third_Party/FreeRTOS/Source/portable/GCC/ARM_CM4F/port.o
                0x0800a148                SysTick_Handler
 .text.vPortSetupTimerInterrupt
                0x0800a18c       0x48 ./Middlewares/Third_Party/FreeRTOS/Source/portable/GCC/ARM_CM4F/port.o
                0x0800a18c                vPortSetupTimerInterrupt
 .text.vPortEnableVFP
                0x0800a1d4       0x14 ./Middlewares/Third_Party/FreeRTOS/Source/portable/GCC/ARM_CM4F/port.o
 .text.vPortValidateInterruptPriority
                0x0800a1e8       0x84 ./Middlewares/Third_Party/FreeRTOS/Source/portable/GCC/ARM_CM4F/port.o
                0x0800a1e8                vPortValidateInterruptPriority
 .text.pvPortMalloc
                0x0800a26c      0x190 ./Middlewares/Third_Party/FreeRTOS/Source/portable/MemMang/heap_4.o
                0x0800a26c                pvPortMalloc
 .text.vPortFree
                0x0800a3fc       0xb8 ./Middlewares/Third_Party/FreeRTOS/Source/portable/MemMang/heap_4.o
                0x0800a3fc                vPortFree
 .text.prvHeapInit
                0x0800a4b4       0xc4 ./Middlewares/Third_Party/FreeRTOS/Source/portable/MemMang/heap_4.o
 .text.prvInsertBlockIntoFreeList
                0x0800a578       0xb4 ./Middlewares/Third_Party/FreeRTOS/Source/portable/MemMang/heap_4.o
 .text.memset   0x0800a62c       0x10 C:/ST/STM32CubeIDE_1.2.0/STM32CubeIDE/plugins/com.st.stm32cube.ide.mcu.externaltools.gnu-tools-for-stm32.12.3.rel1.win32_1.0.100.202403111256/tools/bin/../lib/gcc/arm-none-eabi/12.3.1/../../../../arm-none-eabi/lib/thumb/v7e-m+fp/hard\libc_nano.a(libc_a-memset.o)
                0x0800a62c                memset
 .text.__libc_init_array
                0x0800a63c       0x48 C:/ST/STM32CubeIDE_1.2.0/STM32CubeIDE/plugins/com.st.stm32cube.ide.mcu.externaltools.gnu-tools-for-stm32.12.3.rel1.win32_1.0.100.202403111256/tools/bin/../lib/gcc/arm-none-eabi/12.3.1/../../../../arm-none-eabi/lib/thumb/v7e-m+fp/hard\libc_nano.a(libc_a-init.o)
                0x0800a63c                __libc_init_array
 .text.memcpy   0x0800a684       0x1c C:/ST/STM32CubeIDE_1.2.0/STM32CubeIDE/plugins/com.st.stm32cube.ide.mcu.externaltools.gnu-tools-for-stm32.12.3.rel1.win32_1.0.100.202403111256/tools/bin/../lib/gcc/arm-none-eabi/12.3.1/../../../../arm-none-eabi/lib/thumb/v7e-m+fp/hard\libc_nano.a(libc_a-memcpy-stub.o)
                0x0800a684                memcpy
 *(.glue_7)
 .glue_7        0x0800a6a0        0x0 linker stubs
 *(.glue_7t)
 .glue_7t       0x0800a6a0        0x0 linker stubs
 *(.eh_frame)
 .eh_frame      0x0800a6a0        0x0 C:/ST/STM32CubeIDE_1.2.0/STM32CubeIDE/plugins/com.st.stm32cube.ide.mcu.externaltools.gnu-tools-for-stm32.12.3.rel1.win32_1.0.100.202403111256/tools/bin/../lib/gcc/arm-none-eabi/12.3.1/thumb/v7e-m+fp/hard/crtbegin.o
 *(.init)
 .init          0x0800a6a0        0x4 C:/ST/STM32CubeIDE_1.2.0/STM32CubeIDE/plugins/com.st.stm32cube.ide.mcu.externaltools.gnu-tools-for-stm32.12.3.rel1.win32_1.0.100.202403111256/tools/bin/../lib/gcc/arm-none-eabi/12.3.1/thumb/v7e-m+fp/hard/crti.o
                0x0800a6a0                _init
 .init          0x0800a6a4        0x8 C:/ST/STM32CubeIDE_1.2.0/STM32CubeIDE/plugins/com.st.stm32cube.ide.mcu.externaltools.gnu-tools-for-stm32.12.3.rel1.win32_1.0.100.202403111256/tools/bin/../lib/gcc/arm-none-eabi/12.3.1/thumb/v7e-m+fp/hard/crtn.o
 *(.fini)
 .fini          0x0800a6ac        0x4 C:/ST/STM32CubeIDE_1.2.0/STM32CubeIDE/plugins/com.st.stm32cube.ide.mcu.externaltools.gnu-tools-for-stm32.12.3.rel1.win32_1.0.100.202403111256/tools/bin/../lib/gcc/arm-none-eabi/12.3.1/thumb/v7e-m+fp/hard/crti.o
                0x0800a6ac                _fini
 .fini          0x0800a6b0        0x8 C:/ST/STM32CubeIDE_1.2.0/STM32CubeIDE/plugins/com.st.stm32cube.ide.mcu.externaltools.gnu-tools-for-stm32.12.3.rel1.win32_1.0.100.202403111256/tools/bin/../lib/gcc/arm-none-eabi/12.3.1/thumb/v7e-m+fp/hard/crtn.o
                0x0800a6b8                        . = ALIGN (0x4)
                0x0800a6b8                        _etext = .

.vfp11_veneer   0x0800a6b8        0x0
 .vfp11_veneer  0x0800a6b8        0x0 linker stubs

.v4_bx          0x0800a6b8        0x0
 .v4_bx         0x0800a6b8        0x0 linker stubs

.iplt           0x0800a6b8        0x0
 .iplt          0x0800a6b8        0x0 C:/ST/STM32CubeIDE_1.2.0/STM32CubeIDE/plugins/com.st.stm32cube.ide.mcu.externaltools.gnu-tools-for-stm32.12.3.rel1.win32_1.0.100.202403111256/tools/bin/../lib/gcc/arm-none-eabi/12.3.1/thumb/v7e-m+fp/hard/crtbegin.o

.rodata         0x0800a6b8      0x14c
                0x0800a6b8                        . = ALIGN (0x4)
 *(.rodata)
 .rodata        0x0800a6b8       0x36 ./Core/Src/freertos.o
 *fill*         0x0800a6ee        0x2 
 .rodata        0x0800a6f0        0x5 ./Middlewares/Third_Party/FreeRTOS/Source/tasks.o
 *fill*         0x0800a6f5        0x3 
 .rodata        0x0800a6f8        0xd ./Middlewares/Third_Party/FreeRTOS/Source/timers.o
 *(.rodata*)
 *fill*         0x0800a705        0x3 
 .rodata.LKS__attributes
                0x0800a708       0x24 ./Core/Src/freertos.o
                0x0800a708                LKS__attributes
 .rodata.ACC__attributes
                0x0800a72c       0x24 ./Core/Src/freertos.o
                0x0800a72c                ACC__attributes
 .rodata.AB__attributes
                0x0800a750       0x24 ./Core/Src/freertos.o
                0x0800a750                AB__attributes
 .rodata.BLUETOOTH__attributes
                0x0800a774       0x24 ./Core/Src/freertos.o
                0x0800a774                BLUETOOTH__attributes
 .rodata.ALC__attributes
                0x0800a798       0x24 ./Core/Src/freertos.o
                0x0800a798                ALC__attributes
 .rodata.LKS_semaphore_attributes
                0x0800a7bc       0x10 ./Core/Src/freertos.o
                0x0800a7bc                LKS_semaphore_attributes
 .rodata.AHBPrescTable
                0x0800a7cc       0x10 ./Core/Src/system_stm32f3xx.o
                0x0800a7cc                AHBPrescTable
 .rodata.APBPrescTable
                0x0800a7dc        0x8 ./Core/Src/system_stm32f3xx.o
                0x0800a7dc                APBPrescTable
 .rodata.aPLLMULFactorTable
                0x0800a7e4       0x10 ./Drivers/STM32F3xx_HAL_Driver/Src/stm32f3xx_hal_rcc.o
 .rodata.aPredivFactorTable
                0x0800a7f4       0x10 ./Drivers/STM32F3xx_HAL_Driver/Src/stm32f3xx_hal_rcc.o
                0x0800a804                        . = ALIGN (0x4)

.rel.dyn        0x0800a804        0x0
 .rel.iplt      0x0800a804        0x0 C:/ST/STM32CubeIDE_1.2.0/STM32CubeIDE/plugins/com.st.stm32cube.ide.mcu.externaltools.gnu-tools-for-stm32.12.3.rel1.win32_1.0.100.202403111256/tools/bin/../lib/gcc/arm-none-eabi/12.3.1/thumb/v7e-m+fp/hard/crtbegin.o

.ARM.extab      0x0800a804        0x0
                0x0800a804                        . = ALIGN (0x4)
 *(.ARM.extab* .gnu.linkonce.armextab.*)
                0x0800a804                        . = ALIGN (0x4)

.ARM            0x0800a804        0x0
                0x0800a804                        . = ALIGN (0x4)
                0x0800a804                        __exidx_start = .
 *(.ARM.exidx*)
                0x0800a804                        __exidx_end = .
                0x0800a804                        . = ALIGN (0x4)

.preinit_array  0x0800a804        0x0
                0x0800a804                        . = ALIGN (0x4)
                0x0800a804                        PROVIDE (__preinit_array_start = .)
 *(.preinit_array*)
                0x0800a804                        PROVIDE (__preinit_array_end = .)
                0x0800a804                        . = ALIGN (0x4)

.init_array     0x0800a804        0x4
                0x0800a804                        . = ALIGN (0x4)
                0x0800a804                        PROVIDE (__init_array_start = .)
 *(SORT_BY_NAME(.init_array.*))
 *(.init_array*)
 .init_array    0x0800a804        0x4 C:/ST/STM32CubeIDE_1.2.0/STM32CubeIDE/plugins/com.st.stm32cube.ide.mcu.externaltools.gnu-tools-for-stm32.12.3.rel1.win32_1.0.100.202403111256/tools/bin/../lib/gcc/arm-none-eabi/12.3.1/thumb/v7e-m+fp/hard/crtbegin.o
                0x0800a808                        PROVIDE (__init_array_end = .)
                0x0800a808                        . = ALIGN (0x4)

.fini_array     0x0800a808        0x4
                0x0800a808                        . = ALIGN (0x4)
                [!provide]                        PROVIDE (__fini_array_start = .)
 *(SORT_BY_NAME(.fini_array.*))
 *(.fini_array*)
 .fini_array    0x0800a808        0x4 C:/ST/STM32CubeIDE_1.2.0/STM32CubeIDE/plugins/com.st.stm32cube.ide.mcu.externaltools.gnu-tools-for-stm32.12.3.rel1.win32_1.0.100.202403111256/tools/bin/../lib/gcc/arm-none-eabi/12.3.1/thumb/v7e-m+fp/hard/crtbegin.o
                [!provide]                        PROVIDE (__fini_array_end = .)
                0x0800a80c                        . = ALIGN (0x4)
                0x0800a80c                        _sidata = LOADADDR (.data)

.data           0x20000000       0x14 load address 0x0800a80c
                0x20000000                        . = ALIGN (0x4)
                0x20000000                        _sdata = .
 *(.data)
 *(.data*)
 .data.Motor_enumDirection
                0x20000000        0x1 ./Core/Src/freertos.o
                0x20000000                Motor_enumDirection
 .data.LKS_mode
                0x20000001        0x1 ./Core/Src/freertos.o
                0x20000001                LKS_mode
 *fill*         0x20000002        0x2 
 .data.SystemCoreClock
                0x20000004        0x4 ./Core/Src/system_stm32f3xx.o
                0x20000004                SystemCoreClock
 .data.uwTickPrio
                0x20000008        0x4 ./Drivers/STM32F3xx_HAL_Driver/Src/stm32f3xx_hal.o
                0x20000008                uwTickPrio
 .data.uwTickFreq
                0x2000000c        0x1 ./Drivers/STM32F3xx_HAL_Driver/Src/stm32f3xx_hal.o
                0x2000000c                uwTickFreq
 *fill*         0x2000000d        0x3 
 .data.uxCriticalNesting
                0x20000010        0x4 ./Middlewares/Third_Party/FreeRTOS/Source/portable/GCC/ARM_CM4F/port.o
 *(.RamFunc)
 *(.RamFunc*)
                0x20000014                        . = ALIGN (0x4)
                0x20000014                        _edata = .
                0x0800a820                        _siccmram = LOADADDR (.ccmram)

.igot.plt       0x20000014        0x0 load address 0x0800a820
 .igot.plt      0x20000014        0x0 C:/ST/STM32CubeIDE_1.2.0/STM32CubeIDE/plugins/com.st.stm32cube.ide.mcu.externaltools.gnu-tools-for-stm32.12.3.rel1.win32_1.0.100.202403111256/tools/bin/../lib/gcc/arm-none-eabi/12.3.1/thumb/v7e-m+fp/hard/crtbegin.o

.ccmram         0x10000000        0x0 load address 0x0800a820
                0x10000000                        . = ALIGN (0x4)
                0x10000000                        _sccmram = .
 *(.ccmram)
 *(.ccmram*)
                0x10000000                        . = ALIGN (0x4)
                0x10000000                        _eccmram = .
                0x10000000                        . = ALIGN (0x4)

.bss            0x20000014     0x1d8c
                0x20000014                        _sbss = .
                0x20000014                        __bss_start__ = _sbss
 *(.bss)
 .bss           0x20000014       0x1c C:/ST/STM32CubeIDE_1.2.0/STM32CubeIDE/plugins/com.st.stm32cube.ide.mcu.externaltools.gnu-tools-for-stm32.12.3.rel1.win32_1.0.100.202403111256/tools/bin/../lib/gcc/arm-none-eabi/12.3.1/thumb/v7e-m+fp/hard/crtbegin.o
 *(.bss*)
 .bss.HCSR04_sensor
                0x20000030       0x10 ./Core/Src/Ultrasonic.o
 .bss.hadc1     0x20000040       0x50 ./Core/Src/adc.o
                0x20000040                hadc1
 .bss.ACC_Flag  0x20000090        0x1 ./Core/Src/freertos.o
                0x20000090                ACC_Flag
 .bss.LKS_Flag  0x20000091        0x1 ./Core/Src/freertos.o
                0x20000091                LKS_Flag
 .bss.Left_IR   0x20000092        0x1 ./Core/Src/freertos.o
                0x20000092                Left_IR
 .bss.Right_IR  0x20000093        0x1 ./Core/Src/freertos.o
                0x20000093                Right_IR
 .bss.Turn_Flag
                0x20000094        0x1 ./Core/Src/freertos.o
                0x20000094                Turn_Flag
 .bss.LKS_State
                0x20000095        0x1 ./Core/Src/freertos.o
                0x20000095                LKS_State
 .bss.speed     0x20000096        0x1 ./Core/Src/freertos.o
                0x20000096                speed
 .bss.rxData    0x20000097        0x1 ./Core/Src/freertos.o
                0x20000097                rxData
 .bss.AB_Flag   0x20000098        0x1 ./Core/Src/freertos.o
                0x20000098                AB_Flag
 .bss.Return_flag
                0x20000099        0x1 ./Core/Src/freertos.o
                0x20000099                Return_flag
 *fill*         0x2000009a        0x2 
 .bss.LKS_Handle
                0x2000009c        0x4 ./Core/Src/freertos.o
                0x2000009c                LKS_Handle
 .bss.ACC_Handle
                0x200000a0        0x4 ./Core/Src/freertos.o
                0x200000a0                ACC_Handle
 .bss.AB_Handle
                0x200000a4        0x4 ./Core/Src/freertos.o
                0x200000a4                AB_Handle
 .bss.BLUETOOTH_Handle
                0x200000a8        0x4 ./Core/Src/freertos.o
                0x200000a8                BLUETOOTH_Handle
 .bss.ALC_Handle
                0x200000ac        0x4 ./Core/Src/freertos.o
                0x200000ac                ALC_Handle
 .bss.LKS_semaphoreHandle
                0x200000b0        0x4 ./Core/Src/freertos.o
                0x200000b0                LKS_semaphoreHandle
 .bss.htim1     0x200000b4       0x4c ./Core/Src/stm32f3xx_hal_timebase_tim.o
                0x200000b4                htim1
 .bss.htim3     0x20000100       0x4c ./Core/Src/tim.o
                0x20000100                htim3
 .bss.htim4     0x2000014c       0x4c ./Core/Src/tim.o
                0x2000014c                htim4
 .bss.huart1    0x20000198       0x88 ./Core/Src/usart.o
                0x20000198                huart1
 .bss.huart2    0x20000220       0x88 ./Core/Src/usart.o
                0x20000220                huart2
 .bss.uwTick    0x200002a8        0x4 ./Drivers/STM32F3xx_HAL_Driver/Src/stm32f3xx_hal.o
                0x200002a8                uwTick
 .bss.KernelState
                0x200002ac        0x4 ./Middlewares/Third_Party/FreeRTOS/Source/CMSIS_RTOS_V2/cmsis_os2.o
 .bss.Idle_TCB  0x200002b0       0x5c ./Middlewares/Third_Party/FreeRTOS/Source/CMSIS_RTOS_V2/cmsis_os2.o
 .bss.Idle_Stack
                0x2000030c      0x200 ./Middlewares/Third_Party/FreeRTOS/Source/CMSIS_RTOS_V2/cmsis_os2.o
 .bss.Timer_TCB
                0x2000050c       0x5c ./Middlewares/Third_Party/FreeRTOS/Source/CMSIS_RTOS_V2/cmsis_os2.o
 .bss.Timer_Stack
                0x20000568      0x400 ./Middlewares/Third_Party/FreeRTOS/Source/CMSIS_RTOS_V2/cmsis_os2.o
 .bss.xQueueRegistry
                0x20000968       0x40 ./Middlewares/Third_Party/FreeRTOS/Source/queue.o
                0x20000968                xQueueRegistry
 .bss.pxCurrentTCB
                0x200009a8        0x4 ./Middlewares/Third_Party/FreeRTOS/Source/tasks.o
                0x200009a8                pxCurrentTCB
 .bss.pxReadyTasksLists
                0x200009ac      0x460 ./Middlewares/Third_Party/FreeRTOS/Source/tasks.o
 .bss.xDelayedTaskList1
                0x20000e0c       0x14 ./Middlewares/Third_Party/FreeRTOS/Source/tasks.o
 .bss.xDelayedTaskList2
                0x20000e20       0x14 ./Middlewares/Third_Party/FreeRTOS/Source/tasks.o
 .bss.pxDelayedTaskList
                0x20000e34        0x4 ./Middlewares/Third_Party/FreeRTOS/Source/tasks.o
 .bss.pxOverflowDelayedTaskList
                0x20000e38        0x4 ./Middlewares/Third_Party/FreeRTOS/Source/tasks.o
 .bss.xPendingReadyList
                0x20000e3c       0x14 ./Middlewares/Third_Party/FreeRTOS/Source/tasks.o
 .bss.xTasksWaitingTermination
                0x20000e50       0x14 ./Middlewares/Third_Party/FreeRTOS/Source/tasks.o
 .bss.uxDeletedTasksWaitingCleanUp
                0x20000e64        0x4 ./Middlewares/Third_Party/FreeRTOS/Source/tasks.o
 .bss.xSuspendedTaskList
                0x20000e68       0x14 ./Middlewares/Third_Party/FreeRTOS/Source/tasks.o
 .bss.uxCurrentNumberOfTasks
                0x20000e7c        0x4 ./Middlewares/Third_Party/FreeRTOS/Source/tasks.o
 .bss.xTickCount
                0x20000e80        0x4 ./Middlewares/Third_Party/FreeRTOS/Source/tasks.o
 .bss.uxTopReadyPriority
                0x20000e84        0x4 ./Middlewares/Third_Party/FreeRTOS/Source/tasks.o
 .bss.xSchedulerRunning
                0x20000e88        0x4 ./Middlewares/Third_Party/FreeRTOS/Source/tasks.o
 .bss.uxPendedTicks
                0x20000e8c        0x4 ./Middlewares/Third_Party/FreeRTOS/Source/tasks.o
 .bss.xYieldPending
                0x20000e90        0x4 ./Middlewares/Third_Party/FreeRTOS/Source/tasks.o
 .bss.xNumOfOverflows
                0x20000e94        0x4 ./Middlewares/Third_Party/FreeRTOS/Source/tasks.o
 .bss.uxTaskNumber
                0x20000e98        0x4 ./Middlewares/Third_Party/FreeRTOS/Source/tasks.o
 .bss.xNextTaskUnblockTime
                0x20000e9c        0x4 ./Middlewares/Third_Party/FreeRTOS/Source/tasks.o
 .bss.xIdleTaskHandle
                0x20000ea0        0x4 ./Middlewares/Third_Party/FreeRTOS/Source/tasks.o
 .bss.uxSchedulerSuspended
                0x20000ea4        0x4 ./Middlewares/Third_Party/FreeRTOS/Source/tasks.o
 .bss.xActiveTimerList1
                0x20000ea8       0x14 ./Middlewares/Third_Party/FreeRTOS/Source/timers.o
 .bss.xActiveTimerList2
                0x20000ebc       0x14 ./Middlewares/Third_Party/FreeRTOS/Source/timers.o
 .bss.pxCurrentTimerList
                0x20000ed0        0x4 ./Middlewares/Third_Party/FreeRTOS/Source/timers.o
 .bss.pxOverflowTimerList
                0x20000ed4        0x4 ./Middlewares/Third_Party/FreeRTOS/Source/timers.o
 .bss.xTimerQueue
                0x20000ed8        0x4 ./Middlewares/Third_Party/FreeRTOS/Source/timers.o
 .bss.xTimerTaskHandle
                0x20000edc        0x4 ./Middlewares/Third_Party/FreeRTOS/Source/timers.o
 .bss.xLastTime.2
                0x20000ee0        0x4 ./Middlewares/Third_Party/FreeRTOS/Source/timers.o
 .bss.ucStaticTimerQueueStorage.1
                0x20000ee4       0xa0 ./Middlewares/Third_Party/FreeRTOS/Source/timers.o
 .bss.xStaticTimerQueue.0
                0x20000f84       0x50 ./Middlewares/Third_Party/FreeRTOS/Source/timers.o
 .bss.ucMaxSysCallPriority
                0x20000fd4        0x1 ./Middlewares/Third_Party/FreeRTOS/Source/portable/GCC/ARM_CM4F/port.o
 *fill*         0x20000fd5        0x3 
 .bss.ulMaxPRIGROUPValue
                0x20000fd8        0x4 ./Middlewares/Third_Party/FreeRTOS/Source/portable/GCC/ARM_CM4F/port.o
 .bss.ucHeap    0x20000fdc      0xdac ./Middlewares/Third_Party/FreeRTOS/Source/portable/MemMang/heap_4.o
 .bss.xStart    0x20001d88        0x8 ./Middlewares/Third_Party/FreeRTOS/Source/portable/MemMang/heap_4.o
 .bss.pxEnd     0x20001d90        0x4 ./Middlewares/Third_Party/FreeRTOS/Source/portable/MemMang/heap_4.o
 .bss.xFreeBytesRemaining
                0x20001d94        0x4 ./Middlewares/Third_Party/FreeRTOS/Source/portable/MemMang/heap_4.o
 .bss.xMinimumEverFreeBytesRemaining
                0x20001d98        0x4 ./Middlewares/Third_Party/FreeRTOS/Source/portable/MemMang/heap_4.o
 .bss.xBlockAllocatedBit
                0x20001d9c        0x4 ./Middlewares/Third_Party/FreeRTOS/Source/portable/MemMang/heap_4.o
 *(COMMON)
                0x20001da0                        . = ALIGN (0x4)
                0x20001da0                        _ebss = .
                0x20001da0                        __bss_end__ = _ebss

._user_heap_stack
                0x20001da0      0x600
                0x20001da0                        . = ALIGN (0x8)
                [!provide]                        PROVIDE (end = .)
                0x20001da0                        PROVIDE (_end = .)
                0x20001fa0                        . = (. + _Min_Heap_Size)
 *fill*         0x20001da0      0x200 
                0x200023a0                        . = (. + _Min_Stack_Size)
 *fill*         0x20001fa0      0x400 
                0x200023a0                        . = ALIGN (0x8)

/DISCARD/
 libc.a(*)
 libm.a(*)
 libgcc.a(*)

.ARM.attributes
                0x00000000       0x30
 *(.ARM.attributes)
 .ARM.attributes
                0x00000000       0x22 C:/ST/STM32CubeIDE_1.2.0/STM32CubeIDE/plugins/com.st.stm32cube.ide.mcu.externaltools.gnu-tools-for-stm32.12.3.rel1.win32_1.0.100.202403111256/tools/bin/../lib/gcc/arm-none-eabi/12.3.1/thumb/v7e-m+fp/hard/crti.o
 .ARM.attributes
                0x00000022       0x34 C:/ST/STM32CubeIDE_1.2.0/STM32CubeIDE/plugins/com.st.stm32cube.ide.mcu.externaltools.gnu-tools-for-stm32.12.3.rel1.win32_1.0.100.202403111256/tools/bin/../lib/gcc/arm-none-eabi/12.3.1/thumb/v7e-m+fp/hard/crtbegin.o
 .ARM.attributes
                0x00000056       0x34 ./Core/Src/IRSensor.o
 .ARM.attributes
                0x0000008a       0x34 ./Core/Src/LDR.o
 .ARM.attributes
                0x000000be       0x34 ./Core/Src/Ultrasonic.o
 .ARM.attributes
                0x000000f2       0x34 ./Core/Src/adc.o
 .ARM.attributes
                0x00000126       0x34 ./Core/Src/freertos.o
 .ARM.attributes
                0x0000015a       0x34 ./Core/Src/gpio.o
 .ARM.attributes
                0x0000018e       0x34 ./Core/Src/main.o
 .ARM.attributes
                0x000001c2       0x34 ./Core/Src/motor.o
 .ARM.attributes
                0x000001f6       0x34 ./Core/Src/stm32f3xx_hal_msp.o
 .ARM.attributes
                0x0000022a       0x34 ./Core/Src/stm32f3xx_hal_timebase_tim.o
 .ARM.attributes
                0x0000025e       0x34 ./Core/Src/stm32f3xx_it.o
 .ARM.attributes
                0x00000292       0x34 ./Core/Src/system_stm32f3xx.o
 .ARM.attributes
                0x000002c6       0x34 ./Core/Src/tim.o
 .ARM.attributes
                0x000002fa       0x34 ./Core/Src/usart.o
 .ARM.attributes
                0x0000032e       0x21 ./Core/Startup/startup_stm32f303retx.o
 .ARM.attributes
                0x0000034f       0x34 ./Drivers/STM32F3xx_HAL_Driver/Src/stm32f3xx_hal.o
 .ARM.attributes
                0x00000383       0x34 ./Drivers/STM32F3xx_HAL_Driver/Src/stm32f3xx_hal_adc_ex.o
 .ARM.attributes
                0x000003b7       0x34 ./Drivers/STM32F3xx_HAL_Driver/Src/stm32f3xx_hal_cortex.o
 .ARM.attributes
                0x000003eb       0x34 ./Drivers/STM32F3xx_HAL_Driver/Src/stm32f3xx_hal_gpio.o
 .ARM.attributes
                0x0000041f       0x34 ./Drivers/STM32F3xx_HAL_Driver/Src/stm32f3xx_hal_rcc.o
 .ARM.attributes
                0x00000453       0x34 ./Drivers/STM32F3xx_HAL_Driver/Src/stm32f3xx_hal_rcc_ex.o
 .ARM.attributes
                0x00000487       0x34 ./Drivers/STM32F3xx_HAL_Driver/Src/stm32f3xx_hal_tim.o
 .ARM.attributes
                0x000004bb       0x34 ./Drivers/STM32F3xx_HAL_Driver/Src/stm32f3xx_hal_tim_ex.o
 .ARM.attributes
                0x000004ef       0x34 ./Drivers/STM32F3xx_HAL_Driver/Src/stm32f3xx_hal_uart.o
 .ARM.attributes
                0x00000523       0x34 ./Middlewares/Third_Party/FreeRTOS/Source/CMSIS_RTOS_V2/cmsis_os2.o
 .ARM.attributes
                0x00000557       0x34 ./Middlewares/Third_Party/FreeRTOS/Source/list.o
 .ARM.attributes
                0x0000058b       0x34 ./Middlewares/Third_Party/FreeRTOS/Source/queue.o
 .ARM.attributes
                0x000005bf       0x34 ./Middlewares/Third_Party/FreeRTOS/Source/tasks.o
 .ARM.attributes
                0x000005f3       0x34 ./Middlewares/Third_Party/FreeRTOS/Source/timers.o
 .ARM.attributes
                0x00000627       0x34 ./Middlewares/Third_Party/FreeRTOS/Source/portable/GCC/ARM_CM4F/port.o
 .ARM.attributes
                0x0000065b       0x34 ./Middlewares/Third_Party/FreeRTOS/Source/portable/MemMang/heap_4.o
 .ARM.attributes
                0x0000068f       0x34 C:/ST/STM32CubeIDE_1.2.0/STM32CubeIDE/plugins/com.st.stm32cube.ide.mcu.externaltools.gnu-tools-for-stm32.12.3.rel1.win32_1.0.100.202403111256/tools/bin/../lib/gcc/arm-none-eabi/12.3.1/../../../../arm-none-eabi/lib/thumb/v7e-m+fp/hard\libc_nano.a(libc_a-memset.o)
 .ARM.attributes
                0x000006c3       0x34 C:/ST/STM32CubeIDE_1.2.0/STM32CubeIDE/plugins/com.st.stm32cube.ide.mcu.externaltools.gnu-tools-for-stm32.12.3.rel1.win32_1.0.100.202403111256/tools/bin/../lib/gcc/arm-none-eabi/12.3.1/../../../../arm-none-eabi/lib/thumb/v7e-m+fp/hard\libc_nano.a(libc_a-init.o)
 .ARM.attributes
                0x000006f7       0x34 C:/ST/STM32CubeIDE_1.2.0/STM32CubeIDE/plugins/com.st.stm32cube.ide.mcu.externaltools.gnu-tools-for-stm32.12.3.rel1.win32_1.0.100.202403111256/tools/bin/../lib/gcc/arm-none-eabi/12.3.1/../../../../arm-none-eabi/lib/thumb/v7e-m+fp/hard\libc_nano.a(libc_a-memcpy-stub.o)
 .ARM.attributes
                0x0000072b       0x22 C:/ST/STM32CubeIDE_1.2.0/STM32CubeIDE/plugins/com.st.stm32cube.ide.mcu.externaltools.gnu-tools-for-stm32.12.3.rel1.win32_1.0.100.202403111256/tools/bin/../lib/gcc/arm-none-eabi/12.3.1/thumb/v7e-m+fp/hard\libgcc.a(_arm_addsubdf3.o)
 .ARM.attributes
                0x0000074d       0x22 C:/ST/STM32CubeIDE_1.2.0/STM32CubeIDE/plugins/com.st.stm32cube.ide.mcu.externaltools.gnu-tools-for-stm32.12.3.rel1.win32_1.0.100.202403111256/tools/bin/../lib/gcc/arm-none-eabi/12.3.1/thumb/v7e-m+fp/hard\libgcc.a(_arm_muldivdf3.o)
 .ARM.attributes
                0x0000076f       0x22 C:/ST/STM32CubeIDE_1.2.0/STM32CubeIDE/plugins/com.st.stm32cube.ide.mcu.externaltools.gnu-tools-for-stm32.12.3.rel1.win32_1.0.100.202403111256/tools/bin/../lib/gcc/arm-none-eabi/12.3.1/thumb/v7e-m+fp/hard\libgcc.a(_arm_fixunsdfsi.o)
 .ARM.attributes
                0x00000791       0x22 C:/ST/STM32CubeIDE_1.2.0/STM32CubeIDE/plugins/com.st.stm32cube.ide.mcu.externaltools.gnu-tools-for-stm32.12.3.rel1.win32_1.0.100.202403111256/tools/bin/../lib/gcc/arm-none-eabi/12.3.1/thumb/v7e-m+fp/hard/crtn.o
OUTPUT(project.elf elf32-littlearm)
LOAD linker stubs
LOAD C:/ST/STM32CubeIDE_1.2.0/STM32CubeIDE/plugins/com.st.stm32cube.ide.mcu.externaltools.gnu-tools-for-stm32.12.3.rel1.win32_1.0.100.202403111256/tools/bin/../lib/gcc/arm-none-eabi/12.3.1/../../../../arm-none-eabi/lib/thumb/v7e-m+fp/hard\libc.a
LOAD C:/ST/STM32CubeIDE_1.2.0/STM32CubeIDE/plugins/com.st.stm32cube.ide.mcu.externaltools.gnu-tools-for-stm32.12.3.rel1.win32_1.0.100.202403111256/tools/bin/../lib/gcc/arm-none-eabi/12.3.1/../../../../arm-none-eabi/lib/thumb/v7e-m+fp/hard\libm.a
LOAD C:/ST/STM32CubeIDE_1.2.0/STM32CubeIDE/plugins/com.st.stm32cube.ide.mcu.externaltools.gnu-tools-for-stm32.12.3.rel1.win32_1.0.100.202403111256/tools/bin/../lib/gcc/arm-none-eabi/12.3.1/thumb/v7e-m+fp/hard\libgcc.a

.debug_info     0x00000000    0x1d33c
 .debug_info    0x00000000      0x1e8 ./Core/Src/IRSensor.o
 .debug_info    0x000001e8      0x722 ./Core/Src/LDR.o
 .debug_info    0x0000090a      0x91f ./Core/Src/Ultrasonic.o
 .debug_info    0x00001229      0xa75 ./Core/Src/adc.o
 .debug_info    0x00001c9e     0x102e ./Core/Src/freertos.o
 .debug_info    0x00002ccc      0x33d ./Core/Src/gpio.o
 .debug_info    0x00003009      0xe7b ./Core/Src/main.o
 .debug_info    0x00003e84      0x8bf ./Core/Src/motor.o
 .debug_info    0x00004743      0x3b7 ./Core/Src/stm32f3xx_hal_msp.o
 .debug_info    0x00004afa      0xac2 ./Core/Src/stm32f3xx_hal_timebase_tim.o
 .debug_info    0x000055bc      0x6be ./Core/Src/stm32f3xx_it.o
 .debug_info    0x00005c7a      0x407 ./Core/Src/system_stm32f3xx.o
 .debug_info    0x00006081      0xead ./Core/Src/tim.o
 .debug_info    0x00006f2e      0x975 ./Core/Src/usart.o
 .debug_info    0x000078a3       0x30 ./Core/Startup/startup_stm32f303retx.o
 .debug_info    0x000078d3      0x804 ./Drivers/STM32F3xx_HAL_Driver/Src/stm32f3xx_hal.o
 .debug_info    0x000080d7     0x15b2 ./Drivers/STM32F3xx_HAL_Driver/Src/stm32f3xx_hal_adc_ex.o
 .debug_info    0x00009689      0xcdf ./Drivers/STM32F3xx_HAL_Driver/Src/stm32f3xx_hal_cortex.o
 .debug_info    0x0000a368      0x6a6 ./Drivers/STM32F3xx_HAL_Driver/Src/stm32f3xx_hal_gpio.o
 .debug_info    0x0000aa0e     0x1501 ./Drivers/STM32F3xx_HAL_Driver/Src/stm32f3xx_hal_rcc.o
 .debug_info    0x0000bf0f      0x663 ./Drivers/STM32F3xx_HAL_Driver/Src/stm32f3xx_hal_rcc_ex.o
 .debug_info    0x0000c572     0x2a52 ./Drivers/STM32F3xx_HAL_Driver/Src/stm32f3xx_hal_tim.o
 .debug_info    0x0000efc4     0x156d ./Drivers/STM32F3xx_HAL_Driver/Src/stm32f3xx_hal_tim_ex.o
 .debug_info    0x00010531     0x39a8 ./Drivers/STM32F3xx_HAL_Driver/Src/stm32f3xx_hal_uart.o
 .debug_info    0x00013ed9     0x39bf ./Middlewares/Third_Party/FreeRTOS/Source/CMSIS_RTOS_V2/cmsis_os2.o
 .debug_info    0x00017898      0x2aa ./Middlewares/Third_Party/FreeRTOS/Source/list.o
 .debug_info    0x00017b42     0x1abf ./Middlewares/Third_Party/FreeRTOS/Source/queue.o
 .debug_info    0x00019601     0x20e5 ./Middlewares/Third_Party/FreeRTOS/Source/tasks.o
 .debug_info    0x0001b6e6     0x13b5 ./Middlewares/Third_Party/FreeRTOS/Source/timers.o
 .debug_info    0x0001ca9b      0x4de ./Middlewares/Third_Party/FreeRTOS/Source/portable/GCC/ARM_CM4F/port.o
 .debug_info    0x0001cf79      0x3c3 ./Middlewares/Third_Party/FreeRTOS/Source/portable/MemMang/heap_4.o

.debug_abbrev   0x00000000     0x4324
 .debug_abbrev  0x00000000      0x118 ./Core/Src/IRSensor.o
 .debug_abbrev  0x00000118      0x19a ./Core/Src/LDR.o
 .debug_abbrev  0x000002b2      0x202 ./Core/Src/Ultrasonic.o
 .debug_abbrev  0x000004b4      0x205 ./Core/Src/adc.o
 .debug_abbrev  0x000006b9      0x262 ./Core/Src/freertos.o
 .debug_abbrev  0x0000091b      0x151 ./Core/Src/gpio.o
 .debug_abbrev  0x00000a6c      0x257 ./Core/Src/main.o
 .debug_abbrev  0x00000cc3      0x1cd ./Core/Src/motor.o
 .debug_abbrev  0x00000e90      0x107 ./Core/Src/stm32f3xx_hal_msp.o
 .debug_abbrev  0x00000f97      0x1f4 ./Core/Src/stm32f3xx_hal_timebase_tim.o
 .debug_abbrev  0x0000118b      0x181 ./Core/Src/stm32f3xx_it.o
 .debug_abbrev  0x0000130c      0x11a ./Core/Src/system_stm32f3xx.o
 .debug_abbrev  0x00001426      0x214 ./Core/Src/tim.o
 .debug_abbrev  0x0000163a      0x1fb ./Core/Src/usart.o
 .debug_abbrev  0x00001835       0x24 ./Core/Startup/startup_stm32f303retx.o
 .debug_abbrev  0x00001859      0x215 ./Drivers/STM32F3xx_HAL_Driver/Src/stm32f3xx_hal.o
 .debug_abbrev  0x00001a6e      0x28e ./Drivers/STM32F3xx_HAL_Driver/Src/stm32f3xx_hal_adc_ex.o
 .debug_abbrev  0x00001cfc      0x329 ./Drivers/STM32F3xx_HAL_Driver/Src/stm32f3xx_hal_cortex.o
 .debug_abbrev  0x00002025      0x1ca ./Drivers/STM32F3xx_HAL_Driver/Src/stm32f3xx_hal_gpio.o
 .debug_abbrev  0x000021ef      0x300 ./Drivers/STM32F3xx_HAL_Driver/Src/stm32f3xx_hal_rcc.o
 .debug_abbrev  0x000024ef      0x245 ./Drivers/STM32F3xx_HAL_Driver/Src/stm32f3xx_hal_rcc_ex.o
 .debug_abbrev  0x00002734      0x278 ./Drivers/STM32F3xx_HAL_Driver/Src/stm32f3xx_hal_tim.o
 .debug_abbrev  0x000029ac      0x283 ./Drivers/STM32F3xx_HAL_Driver/Src/stm32f3xx_hal_tim_ex.o
 .debug_abbrev  0x00002c2f      0x2d1 ./Drivers/STM32F3xx_HAL_Driver/Src/stm32f3xx_hal_uart.o
 .debug_abbrev  0x00002f00      0x433 ./Middlewares/Third_Party/FreeRTOS/Source/CMSIS_RTOS_V2/cmsis_os2.o
 .debug_abbrev  0x00003333       0xf5 ./Middlewares/Third_Party/FreeRTOS/Source/list.o
 .debug_abbrev  0x00003428      0x3ce ./Middlewares/Third_Party/FreeRTOS/Source/queue.o
 .debug_abbrev  0x000037f6      0x385 ./Middlewares/Third_Party/FreeRTOS/Source/tasks.o
 .debug_abbrev  0x00003b7b      0x348 ./Middlewares/Third_Party/FreeRTOS/Source/timers.o
 .debug_abbrev  0x00003ec3      0x25c ./Middlewares/Third_Party/FreeRTOS/Source/portable/GCC/ARM_CM4F/port.o
 .debug_abbrev  0x0000411f      0x205 ./Middlewares/Third_Party/FreeRTOS/Source/portable/MemMang/heap_4.o

.debug_aranges  0x00000000     0x1680
 .debug_aranges
                0x00000000       0x20 ./Core/Src/IRSensor.o
 .debug_aranges
                0x00000020       0x20 ./Core/Src/LDR.o
 .debug_aranges
                0x00000040       0x40 ./Core/Src/Ultrasonic.o
 .debug_aranges
                0x00000080       0x30 ./Core/Src/adc.o
 .debug_aranges
                0x000000b0       0x48 ./Core/Src/freertos.o
 .debug_aranges
                0x000000f8       0x20 ./Core/Src/gpio.o
 .debug_aranges
                0x00000118       0x38 ./Core/Src/main.o
 .debug_aranges
                0x00000150       0x60 ./Core/Src/motor.o
 .debug_aranges
                0x000001b0       0x20 ./Core/Src/stm32f3xx_hal_msp.o
 .debug_aranges
                0x000001d0       0x30 ./Core/Src/stm32f3xx_hal_timebase_tim.o
 .debug_aranges
                0x00000200       0x58 ./Core/Src/stm32f3xx_it.o
 .debug_aranges
                0x00000258       0x28 ./Core/Src/system_stm32f3xx.o
 .debug_aranges
                0x00000280       0x40 ./Core/Src/tim.o
 .debug_aranges
                0x000002c0       0x38 ./Core/Src/usart.o
 .debug_aranges
                0x000002f8       0x28 ./Core/Startup/startup_stm32f303retx.o
 .debug_aranges
                0x00000320       0xe0 ./Drivers/STM32F3xx_HAL_Driver/Src/stm32f3xx_hal.o
 .debug_aranges
                0x00000400      0x168 ./Drivers/STM32F3xx_HAL_Driver/Src/stm32f3xx_hal_adc_ex.o
 .debug_aranges
                0x00000568      0x118 ./Drivers/STM32F3xx_HAL_Driver/Src/stm32f3xx_hal_cortex.o
 .debug_aranges
                0x00000680       0x58 ./Drivers/STM32F3xx_HAL_Driver/Src/stm32f3xx_hal_gpio.o
 .debug_aranges
                0x000006d8       0x88 ./Drivers/STM32F3xx_HAL_Driver/Src/stm32f3xx_hal_rcc.o
 .debug_aranges
                0x00000760       0x38 ./Drivers/STM32F3xx_HAL_Driver/Src/stm32f3xx_hal_rcc_ex.o
 .debug_aranges
                0x00000798      0x3e0 ./Drivers/STM32F3xx_HAL_Driver/Src/stm32f3xx_hal_tim.o
 .debug_aranges
                0x00000b78      0x178 ./Drivers/STM32F3xx_HAL_Driver/Src/stm32f3xx_hal_tim_ex.o
 .debug_aranges
                0x00000cf0      0x228 ./Drivers/STM32F3xx_HAL_Driver/Src/stm32f3xx_hal_uart.o
 .debug_aranges
                0x00000f18      0x228 ./Middlewares/Third_Party/FreeRTOS/Source/CMSIS_RTOS_V2/cmsis_os2.o
 .debug_aranges
                0x00001140       0x40 ./Middlewares/Third_Party/FreeRTOS/Source/list.o
 .debug_aranges
                0x00001180      0x158 ./Middlewares/Third_Party/FreeRTOS/Source/queue.o
 .debug_aranges
                0x000012d8      0x1f8 ./Middlewares/Third_Party/FreeRTOS/Source/tasks.o
 .debug_aranges
                0x000014d0       0xe0 ./Middlewares/Third_Party/FreeRTOS/Source/timers.o
 .debug_aranges
                0x000015b0       0x80 ./Middlewares/Third_Party/FreeRTOS/Source/portable/GCC/ARM_CM4F/port.o
 .debug_aranges
                0x00001630       0x50 ./Middlewares/Third_Party/FreeRTOS/Source/portable/MemMang/heap_4.o

.debug_rnglists
                0x00000000     0x1173
 .debug_rnglists
                0x00000000       0x13 ./Core/Src/IRSensor.o
 .debug_rnglists
                0x00000013       0x13 ./Core/Src/LDR.o
 .debug_rnglists
                0x00000026       0x2c ./Core/Src/Ultrasonic.o
 .debug_rnglists
                0x00000052       0x20 ./Core/Src/adc.o
 .debug_rnglists
                0x00000072       0x35 ./Core/Src/freertos.o
 .debug_rnglists
                0x000000a7       0x14 ./Core/Src/gpio.o
 .debug_rnglists
                0x000000bb       0x26 ./Core/Src/main.o
 .debug_rnglists
                0x000000e1       0x43 ./Core/Src/motor.o
 .debug_rnglists
                0x00000124       0x13 ./Core/Src/stm32f3xx_hal_msp.o
 .debug_rnglists
                0x00000137       0x20 ./Core/Src/stm32f3xx_hal_timebase_tim.o
 .debug_rnglists
                0x00000157       0x3d ./Core/Src/stm32f3xx_it.o
 .debug_rnglists
                0x00000194       0x1a ./Core/Src/system_stm32f3xx.o
 .debug_rnglists
                0x000001ae       0x2f ./Core/Src/tim.o
 .debug_rnglists
                0x000001dd       0x26 ./Core/Src/usart.o
 .debug_rnglists
                0x00000203       0x19 ./Core/Startup/startup_stm32f303retx.o
 .debug_rnglists
                0x0000021c       0xa3 ./Drivers/STM32F3xx_HAL_Driver/Src/stm32f3xx_hal.o
 .debug_rnglists
                0x000002bf      0x126 ./Drivers/STM32F3xx_HAL_Driver/Src/stm32f3xx_hal_adc_ex.o
 .debug_rnglists
                0x000003e5       0xce ./Drivers/STM32F3xx_HAL_Driver/Src/stm32f3xx_hal_cortex.o
 .debug_rnglists
                0x000004b3       0x3f ./Drivers/STM32F3xx_HAL_Driver/Src/stm32f3xx_hal_gpio.o
 .debug_rnglists
                0x000004f2       0x66 ./Drivers/STM32F3xx_HAL_Driver/Src/stm32f3xx_hal_rcc.o
 .debug_rnglists
                0x00000558       0x29 ./Drivers/STM32F3xx_HAL_Driver/Src/stm32f3xx_hal_rcc_ex.o
 .debug_rnglists
                0x00000581      0x328 ./Drivers/STM32F3xx_HAL_Driver/Src/stm32f3xx_hal_tim.o
 .debug_rnglists
                0x000008a9      0x131 ./Drivers/STM32F3xx_HAL_Driver/Src/stm32f3xx_hal_tim_ex.o
 .debug_rnglists
                0x000009da      0x1da ./Drivers/STM32F3xx_HAL_Driver/Src/stm32f3xx_hal_uart.o
 .debug_rnglists
                0x00000bb4      0x1b4 ./Middlewares/Third_Party/FreeRTOS/Source/CMSIS_RTOS_V2/cmsis_os2.o
 .debug_rnglists
                0x00000d68       0x2b ./Middlewares/Third_Party/FreeRTOS/Source/list.o
 .debug_rnglists
                0x00000d93      0x109 ./Middlewares/Third_Party/FreeRTOS/Source/queue.o
 .debug_rnglists
                0x00000e9c      0x194 ./Middlewares/Third_Party/FreeRTOS/Source/tasks.o
 .debug_rnglists
                0x00001030       0xab ./Middlewares/Third_Party/FreeRTOS/Source/timers.o
 .debug_rnglists
                0x000010db       0x5d ./Middlewares/Third_Party/FreeRTOS/Source/portable/GCC/ARM_CM4F/port.o
 .debug_rnglists
                0x00001138       0x3b ./Middlewares/Third_Party/FreeRTOS/Source/portable/MemMang/heap_4.o

.debug_macro    0x00000000    0x23e1c
 .debug_macro   0x00000000      0x217 ./Core/Src/IRSensor.o
 .debug_macro   0x00000217      0xab4 ./Core/Src/IRSensor.o
 .debug_macro   0x00000ccb      0x15d ./Core/Src/IRSensor.o
 .debug_macro   0x00000e28       0x2e ./Core/Src/IRSensor.o
 .debug_macro   0x00000e56       0x28 ./Core/Src/IRSensor.o
 .debug_macro   0x00000e7e       0x22 ./Core/Src/IRSensor.o
 .debug_macro   0x00000ea0       0x8e ./Core/Src/IRSensor.o
 .debug_macro   0x00000f2e       0x51 ./Core/Src/IRSensor.o
 .debug_macro   0x00000f7f      0x103 ./Core/Src/IRSensor.o
 .debug_macro   0x00001082       0x6a ./Core/Src/IRSensor.o
 .debug_macro   0x000010ec      0x1df ./Core/Src/IRSensor.o
 .debug_macro   0x000012cb       0x1c ./Core/Src/IRSensor.o
 .debug_macro   0x000012e7       0x22 ./Core/Src/IRSensor.o
 .debug_macro   0x00001309       0xd9 ./Core/Src/IRSensor.o
 .debug_macro   0x000013e2     0x102d ./Core/Src/IRSensor.o
 .debug_macro   0x0000240f      0x11f ./Core/Src/IRSensor.o
 .debug_macro   0x0000252e    0x1535a ./Core/Src/IRSensor.o
 .debug_macro   0x00017888       0x6d ./Core/Src/IRSensor.o
 .debug_macro   0x000178f5     0x3558 ./Core/Src/IRSensor.o
 .debug_macro   0x0001ae4d      0x189 ./Core/Src/IRSensor.o
 .debug_macro   0x0001afd6       0x55 ./Core/Src/IRSensor.o
 .debug_macro   0x0001b02b      0x953 ./Core/Src/IRSensor.o
 .debug_macro   0x0001b97e      0x84a ./Core/Src/IRSensor.o
 .debug_macro   0x0001c1c8      0x1b5 ./Core/Src/IRSensor.o
 .debug_macro   0x0001c37d      0x23a ./Core/Src/IRSensor.o
 .debug_macro   0x0001c5b7      0x1ea ./Core/Src/IRSensor.o
 .debug_macro   0x0001c7a1      0x1bc ./Core/Src/IRSensor.o
 .debug_macro   0x0001c95d       0x30 ./Core/Src/IRSensor.o
 .debug_macro   0x0001c98d       0x3c ./Core/Src/IRSensor.o
 .debug_macro   0x0001c9c9      0x235 ./Core/Src/IRSensor.o
 .debug_macro   0x0001cbfe      0x9fe ./Core/Src/IRSensor.o
 .debug_macro   0x0001d5fc       0x77 ./Core/Src/IRSensor.o
 .debug_macro   0x0001d673       0xc5 ./Core/Src/IRSensor.o
 .debug_macro   0x0001d738      0x21d ./Core/Src/IRSensor.o
 .debug_macro   0x0001d955      0x22c ./Core/Src/IRSensor.o
 .debug_macro   0x0001db81       0x5b ./Core/Src/IRSensor.o
 .debug_macro   0x0001dbdc       0xa5 ./Core/Src/IRSensor.o
 .debug_macro   0x0001dc81       0x81 ./Core/Src/IRSensor.o
 .debug_macro   0x0001dd02       0xd3 ./Core/Src/IRSensor.o
 .debug_macro   0x0001ddd5      0xa59 ./Core/Src/IRSensor.o
 .debug_macro   0x0001e82e       0xba ./Core/Src/IRSensor.o
 .debug_macro   0x0001e8e8      0x5ba ./Core/Src/IRSensor.o
 .debug_macro   0x0001eea2       0x44 ./Core/Src/IRSensor.o
 .debug_macro   0x0001eee6      0x347 ./Core/Src/IRSensor.o
 .debug_macro   0x0001f22d       0xe8 ./Core/Src/IRSensor.o
 .debug_macro   0x0001f315      0x221 ./Core/Src/LDR.o
 .debug_macro   0x0001f536      0x21f ./Core/Src/Ultrasonic.o
 .debug_macro   0x0001f755       0x10 ./Core/Src/Ultrasonic.o
 .debug_macro   0x0001f765       0x74 ./Core/Src/Ultrasonic.o
 .debug_macro   0x0001f7d9       0xd3 ./Core/Src/Ultrasonic.o
 .debug_macro   0x0001f8ac      0x209 ./Core/Src/adc.o
 .debug_macro   0x0001fab5      0x2e6 ./Core/Src/freertos.o
 .debug_macro   0x0001fd9b      0x122 ./Core/Src/freertos.o
 .debug_macro   0x0001febd      0x15a ./Core/Src/freertos.o
 .debug_macro   0x00020017       0xc2 ./Core/Src/freertos.o
 .debug_macro   0x000200d9       0x10 ./Core/Src/freertos.o
 .debug_macro   0x000200e9       0x1f ./Core/Src/freertos.o
 .debug_macro   0x00020108      0x47f ./Core/Src/freertos.o
 .debug_macro   0x00020587       0xb5 ./Core/Src/freertos.o
 .debug_macro   0x0002063c       0x8c ./Core/Src/freertos.o
 .debug_macro   0x000206c8       0x5b ./Core/Src/freertos.o
 .debug_macro   0x00020723       0xdd ./Core/Src/freertos.o
 .debug_macro   0x00020800       0x94 ./Core/Src/freertos.o
 .debug_macro   0x00020894      0x209 ./Core/Src/gpio.o
 .debug_macro   0x00020a9d      0x2bc ./Core/Src/main.o
 .debug_macro   0x00020d59      0x122 ./Core/Src/main.o
 .debug_macro   0x00020e7b      0x21d ./Core/Src/motor.o
 .debug_macro   0x00021098      0x1ff ./Core/Src/stm32f3xx_hal_msp.o
 .debug_macro   0x00021297      0x1f0 ./Core/Src/stm32f3xx_hal_timebase_tim.o
 .debug_macro   0x00021487      0x209 ./Core/Src/stm32f3xx_it.o
 .debug_macro   0x00021690      0x1f0 ./Core/Src/system_stm32f3xx.o
 .debug_macro   0x00021880      0x209 ./Core/Src/tim.o
 .debug_macro   0x00021a89      0x209 ./Core/Src/usart.o
 .debug_macro   0x00021c92      0x214 ./Drivers/STM32F3xx_HAL_Driver/Src/stm32f3xx_hal.o
 .debug_macro   0x00021ea6      0x21a ./Drivers/STM32F3xx_HAL_Driver/Src/stm32f3xx_hal_adc_ex.o
 .debug_macro   0x000220c0      0x1f0 ./Drivers/STM32F3xx_HAL_Driver/Src/stm32f3xx_hal_cortex.o
 .debug_macro   0x000222b0      0x1f7 ./Drivers/STM32F3xx_HAL_Driver/Src/stm32f3xx_hal_gpio.o
 .debug_macro   0x000224a7      0x214 ./Drivers/STM32F3xx_HAL_Driver/Src/stm32f3xx_hal_rcc.o
 .debug_macro   0x000226bb      0x1f0 ./Drivers/STM32F3xx_HAL_Driver/Src/stm32f3xx_hal_rcc_ex.o
 .debug_macro   0x000228ab      0x1f1 ./Drivers/STM32F3xx_HAL_Driver/Src/stm32f3xx_hal_tim.o
 .debug_macro   0x00022a9c      0x1f0 ./Drivers/STM32F3xx_HAL_Driver/Src/stm32f3xx_hal_tim_ex.o
 .debug_macro   0x00022c8c      0x20d ./Drivers/STM32F3xx_HAL_Driver/Src/stm32f3xx_hal_uart.o
 .debug_macro   0x00022e99      0x247 ./Middlewares/Third_Party/FreeRTOS/Source/CMSIS_RTOS_V2/cmsis_os2.o
 .debug_macro   0x000230e0       0x10 ./Middlewares/Third_Party/FreeRTOS/Source/CMSIS_RTOS_V2/cmsis_os2.o
 .debug_macro   0x000230f0       0x20 ./Middlewares/Third_Party/FreeRTOS/Source/CMSIS_RTOS_V2/cmsis_os2.o
 .debug_macro   0x00023110       0x91 ./Middlewares/Third_Party/FreeRTOS/Source/CMSIS_RTOS_V2/cmsis_os2.o
 .debug_macro   0x000231a1       0x8d ./Middlewares/Third_Party/FreeRTOS/Source/CMSIS_RTOS_V2/cmsis_os2.o
 .debug_macro   0x0002322e       0x9a ./Middlewares/Third_Party/FreeRTOS/Source/CMSIS_RTOS_V2/cmsis_os2.o
 .debug_macro   0x000232c8      0x187 ./Middlewares/Third_Party/FreeRTOS/Source/list.o
 .debug_macro   0x0002344f      0x212 ./Middlewares/Third_Party/FreeRTOS/Source/queue.o
 .debug_macro   0x00023661       0x16 ./Middlewares/Third_Party/FreeRTOS/Source/queue.o
 .debug_macro   0x00023677      0x287 ./Middlewares/Third_Party/FreeRTOS/Source/tasks.o
 .debug_macro   0x000238fe       0x10 ./Middlewares/Third_Party/FreeRTOS/Source/tasks.o
 .debug_macro   0x0002390e      0x1ca ./Middlewares/Third_Party/FreeRTOS/Source/timers.o
 .debug_macro   0x00023ad8      0x196 ./Middlewares/Third_Party/FreeRTOS/Source/portable/GCC/ARM_CM4F/port.o
 .debug_macro   0x00023c6e      0x1ae ./Middlewares/Third_Party/FreeRTOS/Source/portable/MemMang/heap_4.o

.debug_line     0x00000000    0x1f6ab
 .debug_line    0x00000000      0x7cd ./Core/Src/IRSensor.o
 .debug_line    0x000007cd      0x7c9 ./Core/Src/LDR.o
 .debug_line    0x00000f96      0x8e0 ./Core/Src/Ultrasonic.o
 .debug_line    0x00001876      0x842 ./Core/Src/adc.o
 .debug_line    0x000020b8      0xd5a ./Core/Src/freertos.o
 .debug_line    0x00002e12      0x7d8 ./Core/Src/gpio.o
 .debug_line    0x000035ea      0x9e8 ./Core/Src/main.o
 .debug_line    0x00003fd2      0x8a6 ./Core/Src/motor.o
 .debug_line    0x00004878      0x7a8 ./Core/Src/stm32f3xx_hal_msp.o
 .debug_line    0x00005020      0x814 ./Core/Src/stm32f3xx_hal_timebase_tim.o
 .debug_line    0x00005834      0x85b ./Core/Src/stm32f3xx_it.o
 .debug_line    0x0000608f      0x825 ./Core/Src/system_stm32f3xx.o
 .debug_line    0x000068b4      0x92b ./Core/Src/tim.o
 .debug_line    0x000071df      0x886 ./Core/Src/usart.o
 .debug_line    0x00007a65       0x7a ./Core/Startup/startup_stm32f303retx.o
 .debug_line    0x00007adf      0xa58 ./Drivers/STM32F3xx_HAL_Driver/Src/stm32f3xx_hal.o
 .debug_line    0x00008537     0x281d ./Drivers/STM32F3xx_HAL_Driver/Src/stm32f3xx_hal_adc_ex.o
 .debug_line    0x0000ad54      0xd1b ./Drivers/STM32F3xx_HAL_Driver/Src/stm32f3xx_hal_cortex.o
 .debug_line    0x0000ba6f      0xbf7 ./Drivers/STM32F3xx_HAL_Driver/Src/stm32f3xx_hal_gpio.o
 .debug_line    0x0000c666     0x1444 ./Drivers/STM32F3xx_HAL_Driver/Src/stm32f3xx_hal_rcc.o
 .debug_line    0x0000daaa      0xf97 ./Drivers/STM32F3xx_HAL_Driver/Src/stm32f3xx_hal_rcc_ex.o
 .debug_line    0x0000ea41     0x3f0d ./Drivers/STM32F3xx_HAL_Driver/Src/stm32f3xx_hal_tim.o
 .debug_line    0x0001294e     0x1b86 ./Drivers/STM32F3xx_HAL_Driver/Src/stm32f3xx_hal_tim_ex.o
 .debug_line    0x000144d4     0x31a4 ./Drivers/STM32F3xx_HAL_Driver/Src/stm32f3xx_hal_uart.o
 .debug_line    0x00017678     0x24cc ./Middlewares/Third_Party/FreeRTOS/Source/CMSIS_RTOS_V2/cmsis_os2.o
 .debug_line    0x00019b44      0x791 ./Middlewares/Third_Party/FreeRTOS/Source/list.o
 .debug_line    0x0001a2d5     0x1754 ./Middlewares/Third_Party/FreeRTOS/Source/queue.o
 .debug_line    0x0001ba29     0x1dc9 ./Middlewares/Third_Party/FreeRTOS/Source/tasks.o
 .debug_line    0x0001d7f2      0xd2e ./Middlewares/Third_Party/FreeRTOS/Source/timers.o
 .debug_line    0x0001e520      0x835 ./Middlewares/Third_Party/FreeRTOS/Source/portable/GCC/ARM_CM4F/port.o
 .debug_line    0x0001ed55      0x956 ./Middlewares/Third_Party/FreeRTOS/Source/portable/MemMang/heap_4.o

.debug_str      0x00000000    0xdcea4
 .debug_str     0x00000000    0xcb2e2 ./Core/Src/IRSensor.o
                              0xcb98b (size before relaxing)
 .debug_str     0x000cb2e2      0x44b ./Core/Src/LDR.o
                              0xcbdaa (size before relaxing)
 .debug_str     0x000cb72d      0x5d0 ./Core/Src/Ultrasonic.o
                              0xcc1a4 (size before relaxing)
 .debug_str     0x000cbcfd      0x19d ./Core/Src/adc.o
                              0xcbf39 (size before relaxing)
 .debug_str     0x000cbe9a     0x4d54 ./Core/Src/freertos.o
                              0xd0bf3 (size before relaxing)
 .debug_str     0x000d0bee       0x20 ./Core/Src/gpio.o
                              0xcb9e4 (size before relaxing)
 .debug_str     0x000d0c0e      0x43a ./Core/Src/main.o
                              0xcfc43 (size before relaxing)
 .debug_str     0x000d1048       0x3f ./Core/Src/motor.o
                              0xcbf6e (size before relaxing)
 .debug_str     0x000d1087      0x3b2 ./Core/Src/stm32f3xx_hal_msp.o
                              0xcbdd5 (size before relaxing)
 .debug_str     0x000d1439      0x10a ./Core/Src/stm32f3xx_hal_timebase_tim.o
                              0xcc0e0 (size before relaxing)
 .debug_str     0x000d1543       0xb5 ./Core/Src/stm32f3xx_it.o
                              0xcbe63 (size before relaxing)
 .debug_str     0x000d15f8       0xdf ./Core/Src/system_stm32f3xx.o
                              0xcb683 (size before relaxing)
 .debug_str     0x000d16d7      0x244 ./Core/Src/tim.o
                              0xcc666 (size before relaxing)
 .debug_str     0x000d191b       0x58 ./Core/Src/usart.o
                              0xcbe87 (size before relaxing)
 .debug_str     0x000d1973       0x44 ./Core/Startup/startup_stm32f303retx.o
                                 0x75 (size before relaxing)
 .debug_str     0x000d19b7      0x35d ./Drivers/STM32F3xx_HAL_Driver/Src/stm32f3xx_hal.o
                              0xcbf2c (size before relaxing)
 .debug_str     0x000d1d14      0x831 ./Drivers/STM32F3xx_HAL_Driver/Src/stm32f3xx_hal_adc_ex.o
                              0xcc389 (size before relaxing)
 .debug_str     0x000d2545      0x317 ./Drivers/STM32F3xx_HAL_Driver/Src/stm32f3xx_hal_cortex.o
                              0xcbf7e (size before relaxing)
 .debug_str     0x000d285c      0x139 ./Drivers/STM32F3xx_HAL_Driver/Src/stm32f3xx_hal_gpio.o