10:45:02 **** Incremental Build of configuration Debug for project RTOS ****
make -j20 all 
arm-none-eabi-gcc "../Core/Src/freertos.c" -mcpu=cortex-m3 -std=gnu11 -g3 -DDEBUG -DUSE_HAL_DRIVER -DSTM32F103xB -c -I../Core/Inc -I../Drivers/STM32F1xx_HAL_Driver/Inc/Legacy -I../Drivers/STM32F1xx_HAL_Driver/Inc -I../Drivers/CMSIS/Device/ST/STM32F1xx/Include -I../Drivers/CMSIS/Include -I../Middlewares/Third_Party/FreeRTOS/Source/include -I../Middlewares/Third_Party/FreeRTOS/Source/CMSIS_RTOS_V2 -I../Middlewares/Third_Party/FreeRTOS/Source/portable/GCC/ARM_CM3 -O0 -ffunction-sections -fdata-sections -Wall -fstack-usage -fcyclomatic-complexity -MMD -MP -MF"Core/Src/freertos.d" -MT"Core/Src/freertos.o" --specs=nano.specs -mfloat-abi=soft -mthumb -o "Core/Src/freertos.o"
arm-none-eabi-gcc -o "RTOS.elf" @"objects.list"   -mcpu=cortex-m3 -T"D:\01_embedded\ARM\mineworkARM\ARM\RTOS\STM32F103C8TX_FLASH.ld" --specs=nosys.specs -Wl,-Map="RTOS.map" -Wl,--gc-sections -static --specs=nano.specs -mfloat-abi=soft -mthumb -Wl,--start-group -lc -lm -Wl,--end-group
Finished building target: RTOS.elf
 
arm-none-eabi-size  RTOS.elf 
arm-none-eabi-objdump -h -S RTOS.elf  > "RTOS.list"
   text	   data	    bss	    dec	    hex	filename
  22012	     28	   8292	  30332	   767c	RTOS.elf
Finished building: default.size.stdout
 
Finished building: RTOS.list
 

10:45:03 Build Finished. 0 errors, 0 warnings. (took 626ms)

