01:41:17 **** Incremental Build of configuration Debug for project ultrasonic ****
make -j20 all 
arm-none-eabi-gcc "../Core/Src/Ultrasonic.c" -mcpu=cortex-m3 -std=gnu11 -g3 -DDEBUG -DUSE_HAL_DRIVER -DSTM32F103xB -c -I../Core/Inc -I../Drivers/STM32F1xx_HAL_Driver/Inc/Legacy -I../Drivers/STM32F1xx_HAL_Driver/Inc -I../Drivers/CMSIS/Device/ST/STM32F1xx/Include -I../Drivers/CMSIS/Include -O0 -ffunction-sections -fdata-sections -Wall -fstack-usage -fcyclomatic-complexity -MMD -MP -MF"Core/Src/Ultrasonic.d" -MT"Core/Src/Ultrasonic.o" --specs=nano.specs -mfloat-abi=soft -mthumb -o "Core/Src/Ultrasonic.o"
arm-none-eabi-gcc "../Core/Src/main.c" -mcpu=cortex-m3 -std=gnu11 -g3 -DDEBUG -DUSE_HAL_DRIVER -DSTM32F103xB -c -I../Core/Inc -I../Drivers/STM32F1xx_HAL_Driver/Inc/Legacy -I../Drivers/STM32F1xx_HAL_Driver/Inc -I../Drivers/CMSIS/Device/ST/STM32F1xx/Include -I../Drivers/CMSIS/Include -O0 -ffunction-sections -fdata-sections -Wall -fstack-usage -fcyclomatic-complexity -MMD -MP -MF"Core/Src/main.d" -MT"Core/Src/main.o" --specs=nano.specs -mfloat-abi=soft -mthumb -o "Core/Src/main.o"
arm-none-eabi-gcc -o "ultrasonic.elf" @"objects.list"   -mcpu=cortex-m3 -T"D:\01_embedded\ARM\mineworkARM\ultrasonic\STM32F103C8TX_FLASH.ld" --specs=nosys.specs -Wl,-Map="ultrasonic.map" -Wl,--gc-sections -static --specs=nano.specs -mfloat-abi=soft -mthumb -Wl,--start-group -lc -lm -Wl,--end-group
Finished building target: ultrasonic.elf
 
arm-none-eabi-size  ultrasonic.elf 
arm-none-eabi-objdump -h -S ultrasonic.elf  > "ultrasonic.list"
   text	   data	    bss	    dec	    hex	filename
  12440	     12	   1708	  14160	   3750	ultrasonic.elf
Finished building: default.size.stdout
 
Finished building: ultrasonic.list
 

01:41:17 Build Finished. 0 errors, 0 warnings. (took 542ms)

